2026-01-22T13:38:44.577979+00:00 ub24 systemd[1]: Mounted dev-hugepages.mount - Huge Pages File System.
2026-01-22T13:38:44.579604+00:00 ub24 systemd[1]: Mounted dev-mqueue.mount - POSIX Message Queue File System.
2026-01-22T13:38:44.579651+00:00 ub24 systemd[1]: Mounted sys-kernel-debug.mount - Kernel Debug File System.
2026-01-22T13:38:44.579659+00:00 ub24 systemd[1]: Mounted sys-kernel-tracing.mount - Kernel Trace File System.
2026-01-22T13:38:44.579665+00:00 ub24 systemd[1]: Finished kmod-static-nodes.service - Create List of Static Device Nodes.
2026-01-22T13:38:44.579671+00:00 ub24 systemd[1]: modprobe@configfs.service: Deactivated successfully.
2026-01-22T13:38:44.579678+00:00 ub24 systemd[1]: Finished modprobe@configfs.service - Load Kernel Module configfs.
2026-01-22T13:38:44.579685+00:00 ub24 systemd[1]: modprobe@dm_mod.service: Deactivated successfully.
2026-01-22T13:38:44.579704+00:00 ub24 systemd[1]: Finished modprobe@dm_mod.service - Load Kernel Module dm_mod.
2026-01-22T13:38:44.579710+00:00 ub24 systemd[1]: modprobe@drm.service: Deactivated successfully.
2026-01-22T13:38:44.579716+00:00 ub24 systemd[1]: Finished modprobe@drm.service - Load Kernel Module drm.
2026-01-22T13:38:44.579722+00:00 ub24 systemd[1]: modprobe@efi_pstore.service: Deactivated successfully.
2026-01-22T13:38:44.579729+00:00 ub24 systemd[1]: Finished modprobe@efi_pstore.service - Load Kernel Module efi_pstore.
2026-01-22T13:38:44.579735+00:00 ub24 systemd[1]: modprobe@fuse.service: Deactivated successfully.
2026-01-22T13:38:44.578287+00:00 ub24 kernel: Linux version 6.8.0-90-generic (buildd@lcy02-amd64-092) (x86_64-linux-gnu-gcc-13 (Ubuntu 13.3.0-6ubuntu2~24.04) 13.3.0, GNU ld (GNU Binutils for Ubuntu) 2.42) #91-Ubuntu SMP PREEMPT_DYNAMIC Tue Nov 18 14:14:30 UTC 2025 (Ubuntu 6.8.0-90.91-generic 6.8.12)
2026-01-22T13:38:44.580864+00:00 ub24 kernel: Command line: BOOT_IMAGE=/vmlinuz-6.8.0-90-generic root=/dev/mapper/ubuntu--vg-ubuntu--lv ro
2026-01-22T13:38:44.580870+00:00 ub24 kernel: KERNEL supported cpus:
2026-01-22T13:38:44.580871+00:00 ub24 kernel:   Intel GenuineIntel
2026-01-22T13:38:44.580872+00:00 ub24 kernel:   AMD AuthenticAMD
2026-01-22T13:38:44.580874+00:00 ub24 kernel:   Hygon HygonGenuine
2026-01-22T13:38:44.580875+00:00 ub24 kernel:   Centaur CentaurHauls
2026-01-22T13:38:44.580879+00:00 ub24 kernel:   zhaoxin   Shanghai  
2026-01-22T13:38:44.580881+00:00 ub24 kernel: BIOS-provided physical RAM map:
2026-01-22T13:38:44.580883+00:00 ub24 kernel: BIOS-e820: [mem 0x0000000000000000-0x000000000009fbff] usable
2026-01-22T13:38:44.580884+00:00 ub24 kernel: BIOS-e820: [mem 0x000000000009fc00-0x000000000009ffff] reserved
2026-01-22T13:38:44.580886+00:00 ub24 kernel: BIOS-e820: [mem 0x00000000000f0000-0x00000000000fffff] reserved
2026-01-22T13:38:44.580887+00:00 ub24 kernel: BIOS-e820: [mem 0x0000000000100000-0x00000000651effff] usable
2026-01-22T13:38:44.580888+00:00 ub24 kernel: BIOS-e820: [mem 0x00000000651f0000-0x00000000651fffff] ACPI data
2026-01-22T13:38:44.580892+00:00 ub24 kernel: BIOS-e820: [mem 0x00000000fec00000-0x00000000fec00fff] reserved
2026-01-22T13:38:44.580893+00:00 ub24 kernel: BIOS-e820: [mem 0x00000000fee00000-0x00000000fee00fff] reserved
2026-01-22T13:38:44.580895+00:00 ub24 kernel: BIOS-e820: [mem 0x00000000fffc0000-0x00000000ffffffff] reserved
2026-01-22T13:38:44.580896+00:00 ub24 kernel: NX (Execute Disable) protection: active
2026-01-22T13:38:44.580897+00:00 ub24 kernel: APIC: Static calls initialized
2026-01-22T13:38:44.580899+00:00 ub24 kernel: SMBIOS 2.5 present.
2026-01-22T13:38:44.580902+00:00 ub24 kernel: DMI: innotek GmbH VirtualBox/VirtualBox, BIOS VirtualBox 12/01/2006
2026-01-22T13:38:44.580904+00:00 ub24 kernel: Hypervisor detected: KVM
2026-01-22T13:38:44.580905+00:00 ub24 kernel: kvm-clock: Using msrs 4b564d01 and 4b564d00
2026-01-22T13:38:44.580906+00:00 ub24 kernel: kvm-clock: using sched offset of 9187999909 cycles
2026-01-22T13:38:44.580907+00:00 ub24 kernel: clocksource: kvm-clock: mask: 0xffffffffffffffff max_cycles: 0x1cd42e4dffb, max_idle_ns: 881590591483 ns
2026-01-22T13:38:44.580909+00:00 ub24 kernel: tsc: Detected 2208.000 MHz processor
2026-01-22T13:38:44.580914+00:00 ub24 kernel: e820: update [mem 0x00000000-0x00000fff] usable ==> reserved
2026-01-22T13:38:44.580916+00:00 ub24 kernel: e820: remove [mem 0x000a0000-0x000fffff] usable
2026-01-22T13:38:44.580917+00:00 ub24 kernel: last_pfn = 0x651f0 max_arch_pfn = 0x400000000
2026-01-22T13:38:44.580918+00:00 ub24 kernel: MTRRs disabled by BIOS
2026-01-22T13:38:44.580919+00:00 ub24 kernel: x86/PAT: Configuration [0-7]: WB  WC  UC- UC  WB  WP  UC- WT  
2026-01-22T13:38:44.580920+00:00 ub24 kernel: found SMP MP-table at [mem 0x0009fff0-0x0009ffff]
2026-01-22T13:38:44.580922+00:00 ub24 kernel: RAMDISK: [mem 0x2f5d1000-0x33adffff]
2026-01-22T13:38:44.580926+00:00 ub24 kernel: ACPI: Early table checksum verification disabled
2026-01-22T13:38:44.580927+00:00 ub24 kernel: ACPI: RSDP 0x00000000000E0000 000024 (v02 VBOX  )
2026-01-22T13:38:44.580928+00:00 ub24 kernel: ACPI: XSDT 0x00000000651F0030 00003C (v01 VBOX   VBOXXSDT 00000001 ASL  00000061)
2026-01-22T13:38:44.580930+00:00 ub24 kernel: ACPI: FACP 0x00000000651F00F0 0000F4 (v04 VBOX   VBOXFACP 00000001 ASL  00000061)
2026-01-22T13:38:44.580931+00:00 ub24 kernel: ACPI: DSDT 0x00000000651F0610 002353 (v02 VBOX   VBOXBIOS 00000002 INTL 20100528)
2026-01-22T13:38:44.580932+00:00 ub24 kernel: ACPI: FACS 0x00000000651F0200 000040
2026-01-22T13:38:44.580936+00:00 ub24 kernel: ACPI: FACS 0x00000000651F0200 000040
2026-01-22T13:38:44.580941+00:00 ub24 kernel: ACPI: APIC 0x00000000651F0240 000054 (v02 VBOX   VBOXAPIC 00000001 ASL  00000061)
2026-01-22T13:38:44.580943+00:00 ub24 kernel: ACPI: SSDT 0x00000000651F02A0 00036C (v01 VBOX   VBOXCPUT 00000002 INTL 20100528)
2026-01-22T13:38:44.580944+00:00 ub24 kernel: ACPI: Reserving FACP table memory at [mem 0x651f00f0-0x651f01e3]
2026-01-22T13:38:44.580945+00:00 ub24 kernel: ACPI: Reserving DSDT table memory at [mem 0x651f0610-0x651f2962]
2026-01-22T13:38:44.580946+00:00 ub24 kernel: ACPI: Reserving FACS table memory at [mem 0x651f0200-0x651f023f]
2026-01-22T13:38:44.580951+00:00 ub24 kernel: ACPI: Reserving FACS table memory at [mem 0x651f0200-0x651f023f]
2026-01-22T13:38:44.580953+00:00 ub24 kernel: ACPI: Reserving APIC table memory at [mem 0x651f0240-0x651f0293]
2026-01-22T13:38:44.580955+00:00 ub24 kernel: ACPI: Reserving SSDT table memory at [mem 0x651f02a0-0x651f060b]
2026-01-22T13:38:44.580956+00:00 ub24 kernel: No NUMA configuration found
2026-01-22T13:38:44.580957+00:00 ub24 kernel: Faking a node at [mem 0x0000000000000000-0x00000000651effff]
2026-01-22T13:38:44.580958+00:00 ub24 kernel: NODE_DATA(0) allocated [mem 0x651c5000-0x651effff]
2026-01-22T13:38:44.580962+00:00 ub24 kernel: Zone ranges:
2026-01-22T13:38:44.580963+00:00 ub24 kernel:   DMA      [mem 0x0000000000001000-0x0000000000ffffff]
2026-01-22T13:38:44.580965+00:00 ub24 kernel:   DMA32    [mem 0x0000000001000000-0x00000000651effff]
2026-01-22T13:38:44.580966+00:00 ub24 kernel:   Normal   empty
2026-01-22T13:38:44.580967+00:00 ub24 kernel:   Device   empty
2026-01-22T13:38:44.580969+00:00 ub24 kernel: Movable zone start for each node
2026-01-22T13:38:44.580970+00:00 ub24 kernel: Early memory node ranges
2026-01-22T13:38:44.580974+00:00 ub24 kernel:   node   0: [mem 0x0000000000001000-0x000000000009efff]
2026-01-22T13:38:44.580975+00:00 ub24 kernel:   node   0: [mem 0x0000000000100000-0x00000000651effff]
2026-01-22T13:38:44.580976+00:00 ub24 kernel: Initmem setup node 0 [mem 0x0000000000001000-0x00000000651effff]
2026-01-22T13:38:44.580977+00:00 ub24 kernel: On node 0, zone DMA: 1 pages in unavailable ranges
2026-01-22T13:38:44.580979+00:00 ub24 kernel: On node 0, zone DMA: 97 pages in unavailable ranges
2026-01-22T13:38:44.580980+00:00 ub24 kernel: On node 0, zone DMA32: 11792 pages in unavailable ranges
2026-01-22T13:38:44.580984+00:00 ub24 kernel: ACPI: PM-Timer IO Port: 0x4008
2026-01-22T13:38:44.580985+00:00 ub24 kernel: IOAPIC[0]: apic_id 1, version 32, address 0xfec00000, GSI 0-23
2026-01-22T13:38:44.580986+00:00 ub24 kernel: ACPI: INT_SRC_OVR (bus 0 bus_irq 0 global_irq 2 dfl dfl)
2026-01-22T13:38:44.580988+00:00 ub24 kernel: ACPI: INT_SRC_OVR (bus 0 bus_irq 9 global_irq 9 low level)
2026-01-22T13:38:44.580989+00:00 ub24 kernel: ACPI: Using ACPI (MADT) for SMP configuration information
2026-01-22T13:38:44.580990+00:00 ub24 kernel: smpboot: Allowing 1 CPUs, 0 hotplug CPUs
2026-01-22T13:38:44.580991+00:00 ub24 kernel: PM: hibernation: Registered nosave memory: [mem 0x00000000-0x00000fff]
2026-01-22T13:38:44.580995+00:00 ub24 kernel: PM: hibernation: Registered nosave memory: [mem 0x0009f000-0x0009ffff]
2026-01-22T13:38:44.580997+00:00 ub24 kernel: PM: hibernation: Registered nosave memory: [mem 0x000a0000-0x000effff]
2026-01-22T13:38:44.580998+00:00 ub24 kernel: PM: hibernation: Registered nosave memory: [mem 0x000f0000-0x000fffff]
2026-01-22T13:38:44.580999+00:00 ub24 kernel: [mem 0x65200000-0xfebfffff] available for PCI devices
2026-01-22T13:38:44.581001+00:00 ub24 kernel: Booting paravirtualized kernel on KVM
2026-01-22T13:38:44.581002+00:00 ub24 kernel: clocksource: refined-jiffies: mask: 0xffffffff max_cycles: 0xffffffff, max_idle_ns: 1910969940391419 ns
2026-01-22T13:38:44.581006+00:00 ub24 kernel: setup_percpu: NR_CPUS:8192 nr_cpumask_bits:1 nr_cpu_ids:1 nr_node_ids:1
2026-01-22T13:38:44.581007+00:00 ub24 kernel: percpu: Embedded 86 pages/cpu s229376 r8192 d114688 u2097152
2026-01-22T13:38:44.581008+00:00 ub24 kernel: pcpu-alloc: s229376 r8192 d114688 u2097152 alloc=1*2097152
2026-01-22T13:38:44.581010+00:00 ub24 kernel: pcpu-alloc: [0] 0 
2026-01-22T13:38:44.581011+00:00 ub24 kernel: kvm-guest: PV spinlocks disabled, single CPU
2026-01-22T13:38:44.581012+00:00 ub24 kernel: Kernel command line: BOOT_IMAGE=/vmlinuz-6.8.0-90-generic root=/dev/mapper/ubuntu--vg-ubuntu--lv ro
2026-01-22T13:38:44.581020+00:00 ub24 kernel: Unknown kernel command line parameters "BOOT_IMAGE=/vmlinuz-6.8.0-90-generic", will be passed to user space.
2026-01-22T13:38:44.581022+00:00 ub24 kernel: random: crng init done
2026-01-22T13:38:44.581023+00:00 ub24 kernel: Dentry cache hash table entries: 262144 (order: 9, 2097152 bytes, linear)
2026-01-22T13:38:44.581025+00:00 ub24 kernel: Inode-cache hash table entries: 131072 (order: 8, 1048576 bytes, linear)
2026-01-22T13:38:44.581026+00:00 ub24 kernel: Fallback order for Node 0: 0 
2026-01-22T13:38:44.581027+00:00 ub24 kernel: Built 1 zonelists, mobility grouping on.  Total pages: 407464
2026-01-22T13:38:44.581031+00:00 ub24 kernel: Policy zone: DMA32
2026-01-22T13:38:44.581032+00:00 ub24 kernel: mem auto-init: stack:all(zero), heap alloc:on, heap free:off
2026-01-22T13:38:44.581034+00:00 ub24 kernel: Memory: 1501180K/1656376K available (22528K kernel code, 4441K rwdata, 14384K rodata, 4912K init, 4796K bss, 154936K reserved, 0K cma-reserved)
2026-01-22T13:38:44.581035+00:00 ub24 kernel: SLUB: HWalign=64, Order=0-3, MinObjects=0, CPUs=1, Nodes=1
2026-01-22T13:38:44.581036+00:00 ub24 kernel: Kernel/User page tables isolation: enabled
2026-01-22T13:38:44.581037+00:00 ub24 kernel: ftrace: allocating 58192 entries in 228 pages
2026-01-22T13:38:44.581038+00:00 ub24 kernel: ftrace: allocated 228 pages with 4 groups
2026-01-22T13:38:44.581042+00:00 ub24 kernel: Dynamic Preempt: voluntary
2026-01-22T13:38:44.581044+00:00 ub24 kernel: rcu: Preemptible hierarchical RCU implementation.
2026-01-22T13:38:44.581045+00:00 ub24 kernel: rcu: 	RCU restricting CPUs from NR_CPUS=8192 to nr_cpu_ids=1.
2026-01-22T13:38:44.581046+00:00 ub24 kernel: 	Trampoline variant of Tasks RCU enabled.
2026-01-22T13:38:44.581048+00:00 ub24 kernel: 	Rude variant of Tasks RCU enabled.
2026-01-22T13:38:44.581049+00:00 ub24 kernel: 	Tracing variant of Tasks RCU enabled.
2026-01-22T13:38:44.581052+00:00 ub24 kernel: rcu: RCU calculated value of scheduler-enlistment delay is 100 jiffies.
2026-01-22T13:38:44.581054+00:00 ub24 kernel: rcu: Adjusting geometry for rcu_fanout_leaf=16, nr_cpu_ids=1
2026-01-22T13:38:44.581055+00:00 ub24 kernel: RCU Tasks: Setting shift to 0 and lim to 1 rcu_task_cb_adjust=1 rcu_task_cpu_ids=1.
2026-01-22T13:38:44.581056+00:00 ub24 kernel: RCU Tasks Rude: Setting shift to 0 and lim to 1 rcu_task_cb_adjust=1 rcu_task_cpu_ids=1.
2026-01-22T13:38:44.581058+00:00 ub24 kernel: RCU Tasks Trace: Setting shift to 0 and lim to 1 rcu_task_cb_adjust=1 rcu_task_cpu_ids=1.
2026-01-22T13:38:44.581059+00:00 ub24 kernel: NR_IRQS: 524544, nr_irqs: 256, preallocated irqs: 16
2026-01-22T13:38:44.581067+00:00 ub24 kernel: rcu: srcu_init: Setting srcu_struct sizes based on contention.
2026-01-22T13:38:44.581168+00:00 ub24 kernel: Console: colour VGA+ 80x25
2026-01-22T13:38:44.581170+00:00 ub24 kernel: printk: legacy console [tty0] enabled
2026-01-22T13:38:44.581171+00:00 ub24 kernel: ACPI: Core revision 20230628
2026-01-22T13:38:44.581172+00:00 ub24 kernel: APIC: Switch to symmetric I/O mode setup
2026-01-22T13:38:44.581174+00:00 ub24 kernel: x2apic enabled
2026-01-22T13:38:44.581175+00:00 ub24 kernel: APIC: Switched APIC routing to: physical x2apic
2026-01-22T13:38:44.581181+00:00 ub24 kernel: ..TIMER: vector=0x30 apic1=0 pin1=2 apic2=-1 pin2=-1
2026-01-22T13:38:44.581182+00:00 ub24 kernel: clocksource: tsc-early: mask: 0xffffffffffffffff max_cycles: 0x1fd3b81b95f, max_idle_ns: 440795257325 ns
2026-01-22T13:38:44.581184+00:00 ub24 kernel: Calibrating delay loop (skipped) preset value.. 4416.00 BogoMIPS (lpj=2208000)
2026-01-22T13:38:44.581185+00:00 ub24 kernel: process: using mwait in idle threads
2026-01-22T13:38:44.581186+00:00 ub24 kernel: Last level iTLB entries: 4KB 64, 2MB 8, 4MB 8
2026-01-22T13:38:44.581187+00:00 ub24 kernel: Last level dTLB entries: 4KB 64, 2MB 32, 4MB 32, 1GB 4
2026-01-22T13:38:44.581191+00:00 ub24 kernel: Spectre V1 : Mitigation: usercopy/swapgs barriers and __user pointer sanitization
2026-01-22T13:38:44.581193+00:00 ub24 kernel: Spectre V2 : Mitigation: Retpolines
2026-01-22T13:38:44.581194+00:00 ub24 kernel: Spectre V2 : Spectre v2 / SpectreRSB mitigation: Filling RSB on context switch
2026-01-22T13:38:44.581195+00:00 ub24 kernel: Spectre V2 : Spectre v2 / SpectreRSB : Filling RSB on VMEXIT
2026-01-22T13:38:44.581196+00:00 ub24 kernel: RETBleed: WARNING: Spectre v2 mitigation leaves CPU vulnerable to RETBleed attacks, data leaks possible!
2026-01-22T13:38:44.581198+00:00 ub24 kernel: RETBleed: Vulnerable
2026-01-22T13:38:44.581202+00:00 ub24 kernel: Speculative Store Bypass: Vulnerable
2026-01-22T13:38:44.581203+00:00 ub24 kernel: MDS: Mitigation: Clear CPU buffers
2026-01-22T13:38:44.581204+00:00 ub24 kernel: MMIO Stale Data: Mitigation: Clear CPU buffers
2026-01-22T13:38:44.581205+00:00 ub24 kernel: SRBDS: Unknown: Dependent on hypervisor status
2026-01-22T13:38:44.581207+00:00 ub24 kernel: GDS: Unknown: Dependent on hypervisor status
2026-01-22T13:38:44.581208+00:00 ub24 kernel: x86/fpu: Supporting XSAVE feature 0x001: 'x87 floating point registers'
2026-01-22T13:38:44.581209+00:00 ub24 kernel: x86/fpu: Supporting XSAVE feature 0x002: 'SSE registers'
2026-01-22T13:38:44.581213+00:00 ub24 kernel: x86/fpu: Supporting XSAVE feature 0x004: 'AVX registers'
2026-01-22T13:38:44.581214+00:00 ub24 kernel: x86/fpu: xstate_offset[2]:  576, xstate_sizes[2]:  256
2026-01-22T13:38:44.581216+00:00 ub24 kernel: x86/fpu: Enabled xstate features 0x7, context size is 832 bytes, using 'standard' format.
2026-01-22T13:38:44.581217+00:00 ub24 kernel: Freeing SMP alternatives memory: 48K
2026-01-22T13:38:44.581218+00:00 ub24 kernel: pid_max: default: 32768 minimum: 301
2026-01-22T13:38:44.581219+00:00 ub24 kernel: LSM: initializing lsm=lockdown,capability,landlock,yama,apparmor,integrity
2026-01-22T13:38:44.581224+00:00 ub24 kernel: landlock: Up and running.
2026-01-22T13:38:44.581225+00:00 ub24 kernel: Yama: becoming mindful.
2026-01-22T13:38:44.581226+00:00 ub24 kernel: AppArmor: AppArmor initialized
2026-01-22T13:38:44.581228+00:00 ub24 kernel: Mount-cache hash table entries: 4096 (order: 3, 32768 bytes, linear)
2026-01-22T13:38:44.581229+00:00 ub24 kernel: Mountpoint-cache hash table entries: 4096 (order: 3, 32768 bytes, linear)
2026-01-22T13:38:44.581230+00:00 ub24 kernel: smpboot: CPU0: Intel(R) Core(TM) i3-8130U CPU @ 2.20GHz (family: 0x6, model: 0x8e, stepping: 0xa)
2026-01-22T13:38:44.581234+00:00 ub24 kernel: Performance Events: unsupported p6 CPU model 142 no PMU driver, software events only.
2026-01-22T13:38:44.581236+00:00 ub24 kernel: signal: max sigframe size: 1776
2026-01-22T13:38:44.581237+00:00 ub24 kernel: rcu: Hierarchical SRCU implementation.
2026-01-22T13:38:44.581238+00:00 ub24 kernel: rcu: 	Max phase no-delay instances is 400.
2026-01-22T13:38:44.581239+00:00 ub24 kernel: NMI watchdog: Perf NMI watchdog permanently disabled
2026-01-22T13:38:44.581241+00:00 ub24 kernel: smp: Bringing up secondary CPUs ...
2026-01-22T13:38:44.581242+00:00 ub24 kernel: smp: Brought up 1 node, 1 CPU
2026-01-22T13:38:44.581246+00:00 ub24 kernel: smpboot: Max logical packages: 1
2026-01-22T13:38:44.581247+00:00 ub24 kernel: smpboot: Total of 1 processors activated (4416.00 BogoMIPS)
2026-01-22T13:38:44.581248+00:00 ub24 kernel: devtmpfs: initialized
2026-01-22T13:38:44.581249+00:00 ub24 kernel: x86/mm: Memory block size: 128MB
2026-01-22T13:38:44.581251+00:00 ub24 kernel: clocksource: jiffies: mask: 0xffffffff max_cycles: 0xffffffff, max_idle_ns: 1911260446275000 ns
2026-01-22T13:38:44.581252+00:00 ub24 kernel: futex hash table entries: 256 (order: 2, 16384 bytes, linear)
2026-01-22T13:38:44.581256+00:00 ub24 kernel: pinctrl core: initialized pinctrl subsystem
2026-01-22T13:38:44.581257+00:00 ub24 kernel: PM: RTC time: 13:38:16, date: 2026-01-22
2026-01-22T13:38:44.581259+00:00 ub24 kernel: NET: Registered PF_NETLINK/PF_ROUTE protocol family
2026-01-22T13:38:44.581260+00:00 ub24 kernel: DMA: preallocated 256 KiB GFP_KERNEL pool for atomic allocations
2026-01-22T13:38:44.581261+00:00 ub24 kernel: DMA: preallocated 256 KiB GFP_KERNEL|GFP_DMA pool for atomic allocations
2026-01-22T13:38:44.581262+00:00 ub24 kernel: DMA: preallocated 256 KiB GFP_KERNEL|GFP_DMA32 pool for atomic allocations
2026-01-22T13:38:44.581263+00:00 ub24 kernel: audit: initializing netlink subsys (disabled)
2026-01-22T13:38:44.581267+00:00 ub24 kernel: audit: type=2000 audit(1769089105.000:1): state=initialized audit_enabled=0 res=1
2026-01-22T13:38:44.581269+00:00 ub24 kernel: thermal_sys: Registered thermal governor 'fair_share'
2026-01-22T13:38:44.581270+00:00 ub24 kernel: thermal_sys: Registered thermal governor 'bang_bang'
2026-01-22T13:38:44.581271+00:00 ub24 kernel: thermal_sys: Registered thermal governor 'step_wise'
2026-01-22T13:38:44.581273+00:00 ub24 kernel: thermal_sys: Registered thermal governor 'user_space'
2026-01-22T13:38:44.581274+00:00 ub24 kernel: thermal_sys: Registered thermal governor 'power_allocator'
2026-01-22T13:38:44.581278+00:00 ub24 kernel: cpuidle: using governor ladder
2026-01-22T13:38:44.581279+00:00 ub24 kernel: cpuidle: using governor menu
2026-01-22T13:38:44.581280+00:00 ub24 kernel: acpiphp: ACPI Hot Plug PCI Controller Driver version: 0.5
2026-01-22T13:38:44.581281+00:00 ub24 kernel: PCI: Using configuration type 1 for base access
2026-01-22T13:38:44.581283+00:00 ub24 kernel: kprobes: kprobe jump-optimization is enabled. All kprobes are optimized if possible.
2026-01-22T13:38:44.581284+00:00 ub24 kernel: HugeTLB: registered 2.00 MiB page size, pre-allocated 0 pages
2026-01-22T13:38:44.581290+00:00 ub24 kernel: HugeTLB: 28 KiB vmemmap can be freed for a 2.00 MiB page
2026-01-22T13:38:44.581292+00:00 ub24 kernel: ACPI: Added _OSI(Module Device)
2026-01-22T13:38:44.581293+00:00 ub24 kernel: ACPI: Added _OSI(Processor Device)
2026-01-22T13:38:44.581294+00:00 ub24 kernel: ACPI: Added _OSI(3.0 _SCP Extensions)
2026-01-22T13:38:44.581295+00:00 ub24 kernel: ACPI: Added _OSI(Processor Aggregator Device)
2026-01-22T13:38:44.581297+00:00 ub24 kernel: ACPI: 2 ACPI AML tables successfully acquired and loaded
2026-01-22T13:38:44.581298+00:00 ub24 kernel: ACPI: _OSC evaluation for CPUs failed, trying _PDC
2026-01-22T13:38:44.581302+00:00 ub24 kernel: ACPI: Interpreter enabled
2026-01-22T13:38:44.581303+00:00 ub24 kernel: ACPI: PM: (supports S0 S5)
2026-01-22T13:38:44.581305+00:00 ub24 kernel: ACPI: Using IOAPIC for interrupt routing
2026-01-22T13:38:44.581306+00:00 ub24 kernel: PCI: Using host bridge windows from ACPI; if necessary, use "pci=nocrs" and report a bug
2026-01-22T13:38:44.581307+00:00 ub24 kernel: PCI: Using E820 reservations for host bridge windows
2026-01-22T13:38:44.581308+00:00 ub24 kernel: ACPI: Enabled 2 GPEs in block 00 to 07
2026-01-22T13:38:44.581312+00:00 ub24 kernel: ACPI: PCI Root Bridge [PCI0] (domain 0000 [bus 00-ff])
2026-01-22T13:38:44.581313+00:00 ub24 kernel: acpi PNP0A03:00: _OSC: OS supports [ASPM ClockPM Segments MSI EDR HPX-Type3]
2026-01-22T13:38:44.581315+00:00 ub24 kernel: acpi PNP0A03:00: _OSC: not requesting OS control; OS requires [ExtendedConfig ASPM ClockPM MSI]
2026-01-22T13:38:44.581316+00:00 ub24 kernel: acpi PNP0A03:00: fail to add MMCONFIG information, can't access extended configuration space under this bridge
2026-01-22T13:38:44.581317+00:00 ub24 kernel: PCI host bridge to bus 0000:00
2026-01-22T13:38:44.581319+00:00 ub24 kernel: pci_bus 0000:00: root bus resource [io  0x0000-0x0cf7 window]
2026-01-22T13:38:44.581323+00:00 ub24 kernel: pci_bus 0000:00: root bus resource [io  0x0d00-0xffff window]
2026-01-22T13:38:44.581324+00:00 ub24 kernel: pci_bus 0000:00: root bus resource [mem 0x000a0000-0x000bffff window]
2026-01-22T13:38:44.581325+00:00 ub24 kernel: pci_bus 0000:00: root bus resource [mem 0x65200000-0xfdffffff window]
2026-01-22T13:38:44.581327+00:00 ub24 kernel: pci_bus 0000:00: root bus resource [bus 00-ff]
2026-01-22T13:38:44.581328+00:00 ub24 kernel: pci 0000:00:00.0: [8086:1237] type 00 class 0x060000 conventional PCI endpoint
2026-01-22T13:38:44.581329+00:00 ub24 kernel: pci 0000:00:01.0: [8086:7000] type 00 class 0x060100 conventional PCI endpoint
2026-01-22T13:38:44.581330+00:00 ub24 kernel: pci 0000:00:01.1: [8086:7111] type 00 class 0x01018a conventional PCI endpoint
2026-01-22T13:38:44.581357+00:00 ub24 kernel: pci 0000:00:01.1: BAR 4 [io  0xd000-0xd00f]
2026-01-22T13:38:44.581358+00:00 ub24 kernel: pci 0000:00:01.1: BAR 0 [io  0x01f0-0x01f7]: legacy IDE quirk
2026-01-22T13:38:44.581359+00:00 ub24 kernel: pci 0000:00:01.1: BAR 1 [io  0x03f6]: legacy IDE quirk
2026-01-22T13:38:44.581361+00:00 ub24 kernel: pci 0000:00:01.1: BAR 2 [io  0x0170-0x0177]: legacy IDE quirk
2026-01-22T13:38:44.581362+00:00 ub24 kernel: pci 0000:00:01.1: BAR 3 [io  0x0376]: legacy IDE quirk
2026-01-22T13:38:44.581363+00:00 ub24 kernel: pci 0000:00:02.0: [15ad:0405] type 00 class 0x030000 conventional PCI endpoint
2026-01-22T13:38:44.581370+00:00 ub24 kernel: pci 0000:00:02.0: BAR 0 [io  0xd010-0xd01f]
2026-01-22T13:38:44.581372+00:00 ub24 kernel: pci 0000:00:02.0: BAR 1 [mem 0xe0000000-0xe0ffffff pref]
2026-01-22T13:38:44.581373+00:00 ub24 kernel: pci 0000:00:02.0: BAR 2 [mem 0xf0000000-0xf01fffff]
2026-01-22T13:38:44.581374+00:00 ub24 kernel: pci 0000:00:02.0: Video device with shadowed ROM at [mem 0x000c0000-0x000dffff]
2026-01-22T13:38:44.581375+00:00 ub24 kernel: pci 0000:00:03.0: [8086:100e] type 00 class 0x020000 conventional PCI endpoint
2026-01-22T13:38:44.581377+00:00 ub24 kernel: pci 0000:00:03.0: BAR 0 [mem 0xf0200000-0xf021ffff]
2026-01-22T13:38:44.581378+00:00 ub24 kernel: pci 0000:00:03.0: BAR 2 [io  0xd020-0xd027]
2026-01-22T13:38:44.581386+00:00 ub24 kernel: pci 0000:00:04.0: [80ee:cafe] type 00 class 0x088000 conventional PCI endpoint
2026-01-22T13:38:44.581388+00:00 ub24 kernel: pci 0000:00:04.0: BAR 0 [io  0xd040-0xd05f]
2026-01-22T13:38:44.581581+00:00 ub24 kernel: pci 0000:00:04.0: BAR 1 [mem 0xf0400000-0xf07fffff]
2026-01-22T13:38:44.581586+00:00 ub24 kernel: pci 0000:00:04.0: BAR 2 [mem 0xf0800000-0xf0803fff pref]
2026-01-22T13:38:44.581587+00:00 ub24 kernel: pci 0000:00:05.0: [8086:2415] type 00 class 0x040100 conventional PCI endpoint
2026-01-22T13:38:44.581588+00:00 ub24 kernel: pci 0000:00:05.0: BAR 0 [io  0xd100-0xd1ff]
2026-01-22T13:38:44.581607+00:00 ub24 kernel: pci 0000:00:05.0: BAR 1 [io  0xd200-0xd23f]
2026-01-22T13:38:44.581609+00:00 ub24 kernel: pci 0000:00:06.0: [106b:003f] type 00 class 0x0c0310 conventional PCI endpoint
2026-01-22T13:38:44.581611+00:00 ub24 kernel: pci 0000:00:06.0: BAR 0 [mem 0xf0804000-0xf0804fff]
2026-01-22T13:38:44.581612+00:00 ub24 kernel: pci 0000:00:07.0: [8086:7113] type 00 class 0x068000 conventional PCI endpoint
2026-01-22T13:38:44.581613+00:00 ub24 kernel: pci 0000:00:07.0: quirk: [io  0x4000-0x403f] claimed by PIIX4 ACPI
2026-01-22T13:38:44.581614+00:00 ub24 kernel: pci 0000:00:07.0: quirk: [io  0x4100-0x410f] claimed by PIIX4 SMB
2026-01-22T13:38:44.581621+00:00 ub24 kernel: pci 0000:00:0b.0: [8086:265c] type 00 class 0x0c0320 conventional PCI endpoint
2026-01-22T13:38:44.581623+00:00 ub24 kernel: pci 0000:00:0b.0: BAR 0 [mem 0xf0805000-0xf0805fff]
2026-01-22T13:38:44.581624+00:00 ub24 kernel: pci 0000:00:0d.0: [8086:2829] type 00 class 0x010601 conventional PCI endpoint
2026-01-22T13:38:44.581625+00:00 ub24 kernel: pci 0000:00:0d.0: BAR 0 [io  0xd240-0xd247]
2026-01-22T13:38:44.581626+00:00 ub24 kernel: pci 0000:00:0d.0: BAR 1 [io  0xd248-0xd24b]
2026-01-22T13:38:44.581628+00:00 ub24 kernel: pci 0000:00:0d.0: BAR 2 [io  0xd250-0xd257]
2026-01-22T13:38:44.581629+00:00 ub24 kernel: pci 0000:00:0d.0: BAR 3 [io  0xd258-0xd25b]
2026-01-22T13:38:44.581635+00:00 ub24 kernel: pci 0000:00:0d.0: BAR 4 [io  0xd260-0xd26f]
2026-01-22T13:38:44.581637+00:00 ub24 kernel: pci 0000:00:0d.0: BAR 5 [mem 0xf0806000-0xf0807fff]
2026-01-22T13:38:44.581638+00:00 ub24 kernel: ACPI: PCI: Interrupt link LNKA configured for IRQ 11
2026-01-22T13:38:44.581639+00:00 ub24 kernel: ACPI: PCI: Interrupt link LNKB configured for IRQ 10
2026-01-22T13:38:44.581641+00:00 ub24 kernel: ACPI: PCI: Interrupt link LNKC configured for IRQ 9
2026-01-22T13:38:44.581642+00:00 ub24 kernel: ACPI: PCI: Interrupt link LNKD configured for IRQ 11
2026-01-22T13:38:44.581650+00:00 ub24 kernel: iommu: Default domain type: Translated
2026-01-22T13:38:44.581651+00:00 ub24 kernel: iommu: DMA domain TLB invalidation policy: lazy mode
2026-01-22T13:38:44.581653+00:00 ub24 kernel: SCSI subsystem initialized
2026-01-22T13:38:44.581654+00:00 ub24 kernel: libata version 3.00 loaded.
2026-01-22T13:38:44.581655+00:00 ub24 kernel: ACPI: bus type USB registered
2026-01-22T13:38:44.581656+00:00 ub24 kernel: usbcore: registered new interface driver usbfs
2026-01-22T13:38:44.581658+00:00 ub24 kernel: usbcore: registered new interface driver hub
2026-01-22T13:38:44.581664+00:00 ub24 kernel: usbcore: registered new device driver usb
2026-01-22T13:38:44.581666+00:00 ub24 kernel: pps_core: LinuxPPS API ver. 1 registered
2026-01-22T13:38:44.581667+00:00 ub24 kernel: pps_core: Software ver. 5.3.6 - Copyright 2005-2007 Rodolfo Giometti <giometti@linux.it>
2026-01-22T13:38:44.581668+00:00 ub24 kernel: PTP clock support registered
2026-01-22T13:38:44.581669+00:00 ub24 kernel: EDAC MC: Ver: 3.0.0
2026-01-22T13:38:44.581670+00:00 ub24 kernel: NetLabel: Initializing
2026-01-22T13:38:44.581677+00:00 ub24 kernel: NetLabel:  domain hash size = 128
2026-01-22T13:38:44.581679+00:00 ub24 kernel: NetLabel:  protocols = UNLABELED CIPSOv4 CALIPSO
2026-01-22T13:38:44.581680+00:00 ub24 kernel: NetLabel:  unlabeled traffic allowed by default
2026-01-22T13:38:44.581681+00:00 ub24 kernel: mctp: management component transport protocol core
2026-01-22T13:38:44.581682+00:00 ub24 kernel: NET: Registered PF_MCTP protocol family
2026-01-22T13:38:44.581683+00:00 ub24 kernel: PCI: Using ACPI for IRQ routing
2026-01-22T13:38:44.581690+00:00 ub24 kernel: PCI: pci_cache_line_size set to 64 bytes
2026-01-22T13:38:44.581692+00:00 ub24 kernel: e820: reserve RAM buffer [mem 0x0009fc00-0x0009ffff]
2026-01-22T13:38:44.581693+00:00 ub24 kernel: e820: reserve RAM buffer [mem 0x651f0000-0x67ffffff]
2026-01-22T13:38:44.581694+00:00 ub24 kernel: pci 0000:00:02.0: vgaarb: setting as boot VGA device
2026-01-22T13:38:44.581696+00:00 ub24 kernel: pci 0000:00:02.0: vgaarb: bridge control possible
2026-01-22T13:38:44.581697+00:00 ub24 kernel: pci 0000:00:02.0: vgaarb: VGA device added: decodes=io+mem,owns=io+mem,locks=none
2026-01-22T13:38:44.581698+00:00 ub24 kernel: vgaarb: loaded
2026-01-22T13:38:44.581705+00:00 ub24 kernel: clocksource: Switched to clocksource kvm-clock
2026-01-22T13:38:44.581706+00:00 ub24 kernel: VFS: Disk quotas dquot_6.6.0
2026-01-22T13:38:44.581708+00:00 ub24 kernel: VFS: Dquot-cache hash table entries: 512 (order 0, 4096 bytes)
2026-01-22T13:38:44.581709+00:00 ub24 kernel: AppArmor: AppArmor Filesystem Enabled
2026-01-22T13:38:44.581710+00:00 ub24 kernel: pnp: PnP ACPI init
2026-01-22T13:38:44.581711+00:00 ub24 kernel: pnp: PnP ACPI: found 2 devices
2026-01-22T13:38:44.581720+00:00 ub24 kernel: clocksource: acpi_pm: mask: 0xffffff max_cycles: 0xffffff, max_idle_ns: 2085701024 ns
2026-01-22T13:38:44.581722+00:00 ub24 kernel: NET: Registered PF_INET protocol family
2026-01-22T13:38:44.581723+00:00 ub24 kernel: IP idents hash table entries: 32768 (order: 6, 262144 bytes, linear)
2026-01-22T13:38:44.581725+00:00 ub24 kernel: tcp_listen_portaddr_hash hash table entries: 1024 (order: 2, 16384 bytes, linear)
2026-01-22T13:38:44.581726+00:00 ub24 kernel: Table-perturb hash table entries: 65536 (order: 6, 262144 bytes, linear)
2026-01-22T13:38:44.581727+00:00 ub24 kernel: TCP established hash table entries: 16384 (order: 5, 131072 bytes, linear)
2026-01-22T13:38:44.581728+00:00 ub24 kernel: TCP bind hash table entries: 16384 (order: 7, 524288 bytes, linear)
2026-01-22T13:38:44.581735+00:00 ub24 kernel: TCP: Hash tables configured (established 16384 bind 16384)
2026-01-22T13:38:44.581736+00:00 ub24 kernel: MPTCP token hash table entries: 2048 (order: 3, 49152 bytes, linear)
2026-01-22T13:38:44.581737+00:00 ub24 kernel: UDP hash table entries: 1024 (order: 3, 32768 bytes, linear)
2026-01-22T13:38:44.581739+00:00 ub24 kernel: UDP-Lite hash table entries: 1024 (order: 3, 32768 bytes, linear)
2026-01-22T13:38:44.581740+00:00 ub24 kernel: NET: Registered PF_UNIX/PF_LOCAL protocol family
2026-01-22T13:38:44.581741+00:00 ub24 kernel: NET: Registered PF_XDP protocol family
2026-01-22T13:38:44.584355+00:00 ub24 systemd[1]: Finished modprobe@fuse.service - Load Kernel Module fuse.
2026-01-22T13:38:44.584406+00:00 ub24 systemd[1]: modprobe@loop.service: Deactivated successfully.
2026-01-22T13:38:44.584414+00:00 ub24 systemd[1]: Finished modprobe@loop.service - Load Kernel Module loop.
2026-01-22T13:38:44.584422+00:00 ub24 systemd[1]: Mounting sys-fs-fuse-connections.mount - FUSE Control File System...
2026-01-22T13:38:44.584427+00:00 ub24 systemd[1]: Mounting sys-kernel-config.mount - Kernel Configuration File System...
2026-01-22T13:38:44.584433+00:00 ub24 systemd[1]: systemd-repart.service - Repartition Root Disk was skipped because no trigger condition checks were met.
2026-01-22T13:38:44.584450+00:00 ub24 systemd[1]: Starting systemd-tmpfiles-setup-dev-early.service - Create Static Device Nodes in /dev gracefully...
2026-01-22T13:38:44.584457+00:00 ub24 systemd[1]: Finished systemd-remount-fs.service - Remount Root and Kernel File Systems.
2026-01-22T13:38:44.584462+00:00 ub24 systemd[1]: Mounted sys-fs-fuse-connections.mount - FUSE Control File System.
2026-01-22T13:38:44.584468+00:00 ub24 systemd-modules-load[315]: Inserted module 'msr'
2026-01-22T13:38:44.584474+00:00 ub24 systemd[1]: Activating swap swap.img.swap - /swap.img...
2026-01-22T13:38:44.584480+00:00 ub24 systemd[1]: Starting multipathd.service - Device-Mapper Multipath Device Controller...
2026-01-22T13:38:44.584490+00:00 ub24 systemd-modules-load[315]: Inserted module 'dm_multipath'
2026-01-22T13:38:44.584497+00:00 ub24 systemd[1]: systemd-hwdb-update.service - Rebuild Hardware Database was skipped because no trigger condition checks were met.
2026-01-22T13:38:44.584504+00:00 ub24 systemd[1]: Starting systemd-journal-flush.service - Flush Journal to Persistent Storage...
2026-01-22T13:38:44.584509+00:00 ub24 systemd[1]: systemd-pstore.service - Platform Persistent Storage Archival was skipped because of an unmet condition check (ConditionDirectoryNotEmpty=/sys/fs/pstore).
2026-01-22T13:38:44.584515+00:00 ub24 systemd[1]: Starting systemd-random-seed.service - Load/Save OS Random Seed...
2026-01-22T13:38:44.584520+00:00 ub24 systemd[1]: systemd-tpm2-setup.service - TPM2 SRK Setup was skipped because of an unmet condition check (ConditionSecurity=measured-uki).
2026-01-22T13:38:44.584530+00:00 ub24 systemd[1]: Finished systemd-modules-load.service - Load Kernel Modules.
2026-01-22T13:38:44.584536+00:00 ub24 systemd[1]: Mounted sys-kernel-config.mount - Kernel Configuration File System.
2026-01-22T13:38:44.584541+00:00 ub24 systemd[1]: Starting systemd-sysctl.service - Apply Kernel Variables...
2026-01-22T13:38:44.584547+00:00 ub24 systemd[1]: Finished keyboard-setup.service - Set the console keyboard layout.
2026-01-22T13:38:44.584552+00:00 ub24 systemd[1]: Activated swap swap.img.swap - /swap.img.
2026-01-22T13:38:44.584558+00:00 ub24 systemd[1]: Reached target swap.target - Swaps.
2026-01-22T13:38:44.584567+00:00 ub24 systemd[1]: Finished systemd-udev-trigger.service - Coldplug All udev Devices.
2026-01-22T13:38:44.584572+00:00 ub24 systemd[1]: Finished systemd-random-seed.service - Load/Save OS Random Seed.
2026-01-22T13:38:44.584578+00:00 ub24 systemd[1]: Finished systemd-journal-flush.service - Flush Journal to Persistent Storage.
2026-01-22T13:38:44.584583+00:00 ub24 systemd[1]: Finished systemd-tmpfiles-setup-dev-early.service - Create Static Device Nodes in /dev gracefully.
2026-01-22T13:38:44.584589+00:00 ub24 systemd[1]: Starting systemd-sysusers.service - Create System Users...
2026-01-22T13:38:44.584595+00:00 ub24 systemd[1]: Finished systemd-sysctl.service - Apply Kernel Variables.
2026-01-22T13:38:44.584604+00:00 ub24 lvm[300]:   1 logical volume(s) in volume group "ubuntu-vg" monitored
2026-01-22T13:38:44.584611+00:00 ub24 systemd[1]: Finished lvm2-monitor.service - Monitoring of LVM2 mirrors, snapshots etc. using dmeventd or progress polling.
2026-01-22T13:38:44.584617+00:00 ub24 multipathd[345]: multipathd v0.9.4: start up
2026-01-22T13:38:44.584622+00:00 ub24 multipathd[345]: reconfigure: setting up paths and maps
2026-01-22T13:38:44.584628+00:00 ub24 systemd[1]: Finished systemd-sysusers.service - Create System Users.
2026-01-22T13:38:44.584634+00:00 ub24 systemd[1]: Starting systemd-tmpfiles-setup-dev.service - Create Static Device Nodes in /dev...
2026-01-22T13:38:44.584644+00:00 ub24 systemd[1]: Started multipathd.service - Device-Mapper Multipath Device Controller.
2026-01-22T13:38:44.584649+00:00 ub24 systemd[1]: Finished systemd-tmpfiles-setup-dev.service - Create Static Device Nodes in /dev.
2026-01-22T13:38:44.584655+00:00 ub24 systemd[1]: Reached target local-fs-pre.target - Preparation for Local File Systems.
2026-01-22T13:38:44.584661+00:00 ub24 systemd[1]: Starting systemd-udevd.service - Rule-based Manager for Device Events and Files...
2026-01-22T13:38:44.584667+00:00 ub24 systemd-udevd[375]: Using default interface naming scheme 'v255'.
2026-01-22T13:38:44.584676+00:00 ub24 systemd[1]: Started systemd-udevd.service - Rule-based Manager for Device Events and Files.
2026-01-22T13:38:44.584682+00:00 ub24 systemd[1]: plymouth-start.service - Show Plymouth Boot Screen was skipped because of an unmet condition check (ConditionKernelCommandLine=splash).
2026-01-22T13:38:44.584687+00:00 ub24 systemd[1]: Started systemd-ask-password-console.path - Dispatch Password Requests to Console Directory Watch.
2026-01-22T13:38:44.584693+00:00 ub24 systemd[1]: systemd-ask-password-plymouth.path - Forward Password Requests to Plymouth Directory Watch was skipped because of an unmet condition check (ConditionPathExists=/run/plymouth/pid).
2026-01-22T13:38:44.584700+00:00 ub24 systemd[1]: Reached target cryptsetup.target - Local Encrypted Volumes.
2026-01-22T13:38:44.584706+00:00 ub24 systemd[1]: Listening on systemd-rfkill.socket - Load/Save RF Kill Switch Status /dev/rfkill Watch.
2026-01-22T13:38:44.584715+00:00 ub24 lvm[469]: PV /dev/sda3 online, VG ubuntu-vg is complete.
2026-01-22T13:38:44.584721+00:00 ub24 lvm[469]: VG ubuntu-vg finished
2026-01-22T13:38:44.584728+00:00 ub24 systemd[1]: Found device dev-disk-by\x2duuid-0981dbde\x2d58ad\x2d4dd6\x2db9a5\x2d48c1c2dd3ea3.device - VBOX_HARDDISK 2.
2026-01-22T13:38:44.584734+00:00 ub24 systemd[1]: Starting systemd-fsck@dev-disk-by\x2duuid-0981dbde\x2d58ad\x2d4dd6\x2db9a5\x2d48c1c2dd3ea3.service - File System Check on /dev/disk/by-uuid/0981dbde-58ad-4dd6-b9a5-48c1c2dd3ea3...
2026-01-22T13:38:44.584740+00:00 ub24 systemd[1]: Reached target sound.target - Sound Card.
2026-01-22T13:38:44.591514+00:00 ub24 systemd[1]: Started systemd-fsckd.service - File System Check Daemon to report status.
2026-01-22T13:38:44.591525+00:00 ub24 systemd-fsck[525]: /dev/sda2: clean, 317/131072 files, 51615/524288 blocks
2026-01-22T13:38:44.591533+00:00 ub24 systemd[1]: Finished systemd-fsck@dev-disk-by\x2duuid-0981dbde\x2d58ad\x2d4dd6\x2db9a5\x2d48c1c2dd3ea3.service - File System Check on /dev/disk/by-uuid/0981dbde-58ad-4dd6-b9a5-48c1c2dd3ea3.
2026-01-22T13:38:44.591538+00:00 ub24 systemd[1]: Mounting boot.mount - /boot...
2026-01-22T13:38:44.591542+00:00 ub24 systemd[1]: Mounted boot.mount - /boot.
2026-01-22T13:38:44.591546+00:00 ub24 systemd[1]: Reached target local-fs.target - Local File Systems.
2026-01-22T13:38:44.591553+00:00 ub24 systemd[1]: Listening on systemd-sysext.socket - System Extension Image Management (Varlink).
2026-01-22T13:38:44.591558+00:00 ub24 systemd[1]: Starting apparmor.service - Load AppArmor profiles...
2026-01-22T13:38:44.591562+00:00 ub24 systemd[1]: Starting console-setup.service - Set console font and keymap...
2026-01-22T13:38:44.591567+00:00 ub24 systemd[1]: Starting finalrd.service - Create final runtime dir for shutdown pivot root...
2026-01-22T13:38:44.591571+00:00 ub24 systemd[1]: Starting ldconfig.service - Rebuild Dynamic Linker Cache...
2026-01-22T13:38:44.591575+00:00 ub24 systemd[1]: Starting plymouth-read-write.service - Tell Plymouth To Write Out Runtime Data...
2026-01-22T13:38:44.591585+00:00 ub24 systemd[1]: Starting systemd-binfmt.service - Set Up Additional Binary Formats...
2026-01-22T13:38:44.591590+00:00 ub24 systemd[1]: Starting systemd-tmpfiles-setup.service - Create Volatile Files and Directories...
2026-01-22T13:38:44.591594+00:00 ub24 systemd[1]: Starting ufw.service - Uncomplicated firewall...
2026-01-22T13:38:44.591598+00:00 ub24 apparmor.systemd[532]: Restarting AppArmor
2026-01-22T13:38:44.591602+00:00 ub24 systemd[1]: Finished console-setup.service - Set console font and keymap.
2026-01-22T13:38:44.591607+00:00 ub24 systemd[1]: Finished finalrd.service - Create final runtime dir for shutdown pivot root.
2026-01-22T13:38:44.591613+00:00 ub24 apparmor.systemd[532]: /lib/apparmor/apparmor.systemd: 148: [: Illegal number: yes
2026-01-22T13:38:44.591617+00:00 ub24 apparmor.systemd[532]: Reloading AppArmor profiles
2026-01-22T13:38:44.591622+00:00 ub24 systemd[1]: proc-sys-fs-binfmt_misc.automount: Got automount request for /proc/sys/fs/binfmt_misc, triggered by 539 (systemd-binfmt)
2026-01-22T13:38:44.591626+00:00 ub24 systemd[1]: Mounting proc-sys-fs-binfmt_misc.mount - Arbitrary Executable File Formats File System...
2026-01-22T13:38:44.591631+00:00 ub24 systemd[1]: Finished ufw.service - Uncomplicated firewall.
2026-01-22T13:38:44.591637+00:00 ub24 systemd[1]: Finished plymouth-read-write.service - Tell Plymouth To Write Out Runtime Data.
2026-01-22T13:38:44.591642+00:00 ub24 systemd[1]: Mounted proc-sys-fs-binfmt_misc.mount - Arbitrary Executable File Formats File System.
2026-01-22T13:38:44.591650+00:00 ub24 systemd[1]: Finished systemd-binfmt.service - Set Up Additional Binary Formats.
2026-01-22T13:38:44.591654+00:00 ub24 systemd[1]: Finished systemd-tmpfiles-setup.service - Create Volatile Files and Directories.
2026-01-22T13:38:44.591658+00:00 ub24 systemd[1]: systemd-firstboot.service - First Boot Wizard was skipped because of an unmet condition check (ConditionFirstBoot=yes).
2026-01-22T13:38:44.591663+00:00 ub24 systemd[1]: first-boot-complete.target - First Boot Complete was skipped because of an unmet condition check (ConditionFirstBoot=yes).
2026-01-22T13:38:44.591669+00:00 ub24 systemd[1]: Starting systemd-journal-catalog-update.service - Rebuild Journal Catalog...
2026-01-22T13:38:44.591674+00:00 ub24 systemd[1]: systemd-machine-id-commit.service - Commit a transient machine-id on disk was skipped because of an unmet condition check (ConditionPathIsMountPoint=/etc/machine-id).
2026-01-22T13:38:44.591678+00:00 ub24 systemd[1]: Starting systemd-resolved.service - Network Name Resolution...
2026-01-22T13:38:44.591683+00:00 ub24 systemd[1]: Starting systemd-timesyncd.service - Network Time Synchronization...
2026-01-22T13:38:44.591687+00:00 ub24 systemd[1]: Starting systemd-update-utmp.service - Record System Boot/Shutdown in UTMP...
2026-01-22T13:38:44.591694+00:00 ub24 systemd[1]: Finished ldconfig.service - Rebuild Dynamic Linker Cache.
2026-01-22T13:38:44.591698+00:00 ub24 systemd[1]: Finished systemd-update-utmp.service - Record System Boot/Shutdown in UTMP.
2026-01-22T13:38:44.591702+00:00 ub24 systemd[1]: Finished systemd-journal-catalog-update.service - Rebuild Journal Catalog.
2026-01-22T13:38:44.591706+00:00 ub24 systemd[1]: Starting systemd-update-done.service - Update is Completed...
2026-01-22T13:38:44.591710+00:00 ub24 systemd[1]: Finished systemd-update-done.service - Update is Completed.
2026-01-22T13:38:44.591715+00:00 ub24 systemd[1]: Started systemd-timesyncd.service - Network Time Synchronization.
2026-01-22T13:38:44.591721+00:00 ub24 systemd[1]: Reached target time-set.target - System Time Set.
2026-01-22T13:38:44.591726+00:00 ub24 systemd-resolved[562]: Positive Trust Anchors:
2026-01-22T13:38:44.591730+00:00 ub24 systemd-resolved[562]: . IN DS 20326 8 2 e06d44b80b8f1d39a95c0b0d7c65d08458e880409bbc683457104237c7f8ec8d
2026-01-22T13:38:44.591735+00:00 ub24 systemd-resolved[562]: Negative trust anchors: home.arpa 10.in-addr.arpa 16.172.in-addr.arpa 17.172.in-addr.arpa 18.172.in-addr.arpa 19.172.in-addr.arpa 20.172.in-addr.arpa 21.172.in-addr.arpa 22.172.in-addr.arpa 23.172.in-addr.arpa 24.172.in-addr.arpa 25.172.in-addr.arpa 26.172.in-addr.arpa 27.172.in-addr.arpa 28.172.in-addr.arpa 29.172.in-addr.arpa 30.172.in-addr.arpa 31.172.in-addr.arpa 170.0.0.192.in-addr.arpa 171.0.0.192.in-addr.arpa 168.192.in-addr.arpa d.f.ip6.arpa ipv4only.arpa corp home internal intranet lan local private test
2026-01-22T13:38:44.591739+00:00 ub24 systemd-resolved[562]: Using system hostname 'ub24'.
2026-01-22T13:38:44.591800+00:00 ub24 systemd[1]: Started systemd-resolved.service - Network Name Resolution.
2026-01-22T13:38:44.591813+00:00 ub24 systemd[1]: Reached target nss-lookup.target - Host and Network Name Lookups.
2026-01-22T13:38:44.591818+00:00 ub24 systemd[1]: Finished apparmor.service - Load AppArmor profiles.
2026-01-22T13:38:44.591822+00:00 ub24 systemd[1]: Starting snapd.apparmor.service - Load AppArmor profiles managed internally by snapd...
2026-01-22T13:38:44.591826+00:00 ub24 systemd[1]: vgauth.service - Authentication service for virtual machines hosted on VMware was skipped because of an unmet condition check (ConditionVirtualization=vmware).
2026-01-22T13:38:44.591830+00:00 ub24 systemd[1]: open-vm-tools.service - Service for virtual machines hosted on VMware was skipped because of an unmet condition check (ConditionVirtualization=vmware).
2026-01-22T13:38:44.591837+00:00 ub24 systemd[1]: Starting cloud-init-local.service - Cloud-init: Local Stage (pre-network)...
2026-01-22T13:38:44.591841+00:00 ub24 snapd-apparmor[675]: main.go:143: No profiles to load
2026-01-22T13:38:44.591846+00:00 ub24 systemd[1]: Finished snapd.apparmor.service - Load AppArmor profiles managed internally by snapd.
2026-01-22T13:38:44.591851+00:00 ub24 cloud-init[685]: Cloud-init v. 25.1.4-0ubuntu0~24.04.1 running 'init-local' at Thu, 22 Jan 2026 13:38:34 +0000. Up 18.11 seconds.
2026-01-22T13:38:44.591856+00:00 ub24 systemd[1]: netplan-ovs-cleanup.service - OpenVSwitch configuration for cleanup was skipped because of an unmet condition check (ConditionFileIsExecutable=/usr/bin/ovs-vsctl).
2026-01-22T13:38:44.591870+00:00 ub24 systemd[1]: message repeated 2 times: [ netplan-ovs-cleanup.service - OpenVSwitch configuration for cleanup was skipped because of an unmet condition check (ConditionFileIsExecutable=/usr/bin/ovs-vsctl).]
2026-01-22T13:38:44.591876+00:00 ub24 systemd[1]: Reloading requested from client PID 695 ('systemctl') (unit cloud-init-local.service)...
2026-01-22T13:38:44.591885+00:00 ub24 systemd[1]: Reloading...
2026-01-22T13:38:44.591890+00:00 ub24 systemd[1]: Reloading finished in 829 ms.
2026-01-22T13:38:44.591895+00:00 ub24 systemd[1]: Finished cloud-init-local.service - Cloud-init: Local Stage (pre-network).
2026-01-22T13:38:44.591902+00:00 ub24 systemd[1]: Reached target network-pre.target - Preparation for Network.
2026-01-22T13:38:44.591907+00:00 ub24 systemd[1]: Starting systemd-networkd.service - Network Configuration...
2026-01-22T13:38:44.591911+00:00 ub24 systemd-networkd[735]: lo: Link UP
2026-01-22T13:38:44.591915+00:00 ub24 systemd-networkd[735]: lo: Gained carrier
2026-01-22T13:38:44.591920+00:00 ub24 systemd-networkd[735]: Enumeration completed
2026-01-22T13:38:44.591924+00:00 ub24 systemd[1]: Started systemd-networkd.service - Network Configuration.
2026-01-22T13:38:44.591930+00:00 ub24 systemd[1]: Reached target network.target - Network.
2026-01-22T13:38:44.591934+00:00 ub24 systemd-networkd[735]: enp0s3: Configuring with /run/systemd/network/10-netplan-enp0s3.network.
2026-01-22T13:38:44.591938+00:00 ub24 systemd[1]: Starting systemd-networkd-wait-online.service - Wait for Network to be Configured...
2026-01-22T13:38:44.591942+00:00 ub24 systemd-networkd[735]: enp0s3: Link UP
2026-01-22T13:38:44.591947+00:00 ub24 systemd-networkd[735]: enp0s3: Gained carrier
2026-01-22T13:38:44.591951+00:00 ub24 systemd-networkd[735]: enp0s3: DHCPv4 address 10.0.2.15/24, gateway 10.0.2.2 acquired from 10.0.2.2
2026-01-22T13:38:44.591958+00:00 ub24 systemd-timesyncd[567]: Network configuration changed, trying to establish connection.
2026-01-22T13:38:44.591962+00:00 ub24 systemd-networkd[735]: enp0s3: Gained IPv6LL
2026-01-22T13:38:44.591966+00:00 ub24 systemd-timesyncd[567]: Network configuration changed, trying to establish connection.
2026-01-22T13:38:44.591971+00:00 ub24 systemd[1]: Finished systemd-networkd-wait-online.service - Wait for Network to be Configured.
2026-01-22T13:38:44.591975+00:00 ub24 systemd[1]: Starting cloud-init.service - Cloud-init: Network Stage...
2026-01-22T13:38:44.591979+00:00 ub24 cloud-init[749]: Cloud-init v. 25.1.4-0ubuntu0~24.04.1 running 'init' at Thu, 22 Jan 2026 13:38:38 +0000. Up 22.86 seconds.
2026-01-22T13:38:44.591985+00:00 ub24 cloud-init[749]: ci-info: ++++++++++++++++++++++++++++++++++++++Net device info+++++++++++++++++++++++++++++++++++++++
2026-01-22T13:38:44.591990+00:00 ub24 cloud-init[749]: ci-info: +--------+------+-----------------------------+---------------+--------+-------------------+
2026-01-22T13:38:44.591994+00:00 ub24 cloud-init[749]: ci-info: | Device |  Up  |           Address           |      Mask     | Scope  |     Hw-Address    |
2026-01-22T13:38:44.591998+00:00 ub24 cloud-init[749]: ci-info: +--------+------+-----------------------------+---------------+--------+-------------------+
2026-01-22T13:38:44.592002+00:00 ub24 cloud-init[749]: ci-info: | enp0s3 | True |          10.0.2.15          | 255.255.255.0 | global | 08:00:27:41:d7:4a |
2026-01-22T13:38:44.592009+00:00 ub24 cloud-init[749]: ci-info: | enp0s3 | True | fe80::a00:27ff:fe41:d74a/64 |       .       |  link  | 08:00:27:41:d7:4a |
2026-01-22T13:38:44.592013+00:00 ub24 cloud-init[749]: ci-info: |   lo   | True |          127.0.0.1          |   255.0.0.0   |  host  |         .         |
2026-01-22T13:38:44.592018+00:00 ub24 cloud-init[749]: ci-info: |   lo   | True |           ::1/128           |       .       |  host  |         .         |
2026-01-22T13:38:44.592022+00:00 ub24 cloud-init[749]: ci-info: +--------+------+-----------------------------+---------------+--------+-------------------+
2026-01-22T13:38:44.592026+00:00 ub24 cloud-init[749]: ci-info: +++++++++++++++++++++++++++++Route IPv4 info+++++++++++++++++++++++++++++
2026-01-22T13:38:44.592033+00:00 ub24 cloud-init[749]: ci-info: +-------+--------------+----------+-----------------+-----------+-------+
2026-01-22T13:38:44.592038+00:00 ub24 cloud-init[749]: ci-info: | Route | Destination  | Gateway  |     Genmask     | Interface | Flags |
2026-01-22T13:38:44.592042+00:00 ub24 cloud-init[749]: ci-info: +-------+--------------+----------+-----------------+-----------+-------+
2026-01-22T13:38:44.592047+00:00 ub24 cloud-init[749]: ci-info: |   0   |   0.0.0.0    | 10.0.2.2 |     0.0.0.0     |   enp0s3  |   UG  |
2026-01-22T13:38:44.592051+00:00 ub24 cloud-init[749]: ci-info: |   1   |   10.0.2.0   | 0.0.0.0  |  255.255.255.0  |   enp0s3  |   U   |
2026-01-22T13:38:44.592057+00:00 ub24 cloud-init[749]: ci-info: |   2   |   10.0.2.2   | 0.0.0.0  | 255.255.255.255 |   enp0s3  |   UH  |
2026-01-22T13:38:44.592062+00:00 ub24 cloud-init[749]: ci-info: |   3   | 192.168.43.1 | 10.0.2.2 | 255.255.255.255 |   enp0s3  |  UGH  |
2026-01-22T13:38:44.592066+00:00 ub24 cloud-init[749]: ci-info: +-------+--------------+----------+-----------------+-----------+-------+
2026-01-22T13:38:44.592071+00:00 ub24 cloud-init[749]: ci-info: +++++++++++++++++++Route IPv6 info+++++++++++++++++++
2026-01-22T13:38:44.592075+00:00 ub24 cloud-init[749]: ci-info: +-------+-------------+---------+-----------+-------+
2026-01-22T13:38:44.592079+00:00 ub24 cloud-init[749]: ci-info: | Route | Destination | Gateway | Interface | Flags |
2026-01-22T13:38:44.592085+00:00 ub24 cloud-init[749]: ci-info: +-------+-------------+---------+-----------+-------+
2026-01-22T13:38:44.592090+00:00 ub24 cloud-init[749]: ci-info: |   0   |  fe80::/64  |    ::   |   enp0s3  |   U   |
2026-01-22T13:38:44.592094+00:00 ub24 cloud-init[749]: ci-info: |   2   |    local    |    ::   |   enp0s3  |   U   |
2026-01-22T13:38:44.592099+00:00 ub24 cloud-init[749]: ci-info: |   3   |  multicast  |    ::   |   enp0s3  |   U   |
2026-01-22T13:38:44.592103+00:00 ub24 cloud-init[749]: ci-info: +-------+-------------+---------+-----------+-------+
2026-01-22T13:38:44.593284+00:00 ub24 kernel: pci_bus 0000:00: resource 4 [io  0x0000-0x0cf7 window]
2026-01-22T13:38:44.593659+00:00 ub24 kernel: pci_bus 0000:00: resource 5 [io  0x0d00-0xffff window]
2026-01-22T13:38:44.593662+00:00 ub24 kernel: pci_bus 0000:00: resource 6 [mem 0x000a0000-0x000bffff window]
2026-01-22T13:38:44.593663+00:00 ub24 kernel: pci_bus 0000:00: resource 7 [mem 0x65200000-0xfdffffff window]
2026-01-22T13:38:44.593664+00:00 ub24 kernel: pci 0000:00:00.0: Limiting direct PCI/PCI transfers
2026-01-22T13:38:44.593665+00:00 ub24 kernel: PCI: CLS 0 bytes, default 64
2026-01-22T13:38:44.593666+00:00 ub24 kernel: Trying to unpack rootfs image as initramfs...
2026-01-22T13:38:44.593667+00:00 ub24 kernel: clocksource: tsc: mask: 0xffffffffffffffff max_cycles: 0x1fd3b81b95f, max_idle_ns: 440795257325 ns
2026-01-22T13:38:44.593668+00:00 ub24 kernel: clocksource: Switched to clocksource tsc
2026-01-22T13:38:44.593669+00:00 ub24 kernel: platform rtc_cmos: registered platform RTC device (no PNP device found)
2026-01-22T13:38:44.593670+00:00 ub24 kernel: Initialise system trusted keyrings
2026-01-22T13:38:44.593670+00:00 ub24 kernel: Key type blacklist registered
2026-01-22T13:38:44.593671+00:00 ub24 kernel: workingset: timestamp_bits=36 max_order=19 bucket_order=0
2026-01-22T13:38:44.593672+00:00 ub24 kernel: zbud: loaded
2026-01-22T13:38:44.593673+00:00 ub24 kernel: squashfs: version 4.0 (2009/01/31) Phillip Lougher
2026-01-22T13:38:44.593674+00:00 ub24 kernel: fuse: init (API version 7.39)
2026-01-22T13:38:44.593675+00:00 ub24 kernel: integrity: Platform Keyring initialized
2026-01-22T13:38:44.593676+00:00 ub24 kernel: integrity: Machine keyring initialized
2026-01-22T13:38:44.593677+00:00 ub24 kernel: Key type asymmetric registered
2026-01-22T13:38:44.593678+00:00 ub24 kernel: Asymmetric key parser 'x509' registered
2026-01-22T13:38:44.593679+00:00 ub24 kernel: Block layer SCSI generic (bsg) driver version 0.4 loaded (major 243)
2026-01-22T13:38:44.593680+00:00 ub24 kernel: io scheduler mq-deadline registered
2026-01-22T13:38:44.593680+00:00 ub24 kernel: shpchp: Standard Hot Plug PCI Controller Driver version: 0.4
2026-01-22T13:38:44.593681+00:00 ub24 kernel: ACPI: AC: AC Adapter [AC] (off-line)
2026-01-22T13:38:44.593682+00:00 ub24 kernel: input: Power Button as /devices/LNXSYSTM:00/LNXPWRBN:00/input/input0
2026-01-22T13:38:44.593683+00:00 ub24 kernel: ACPI: button: Power Button [PWRF]
2026-01-22T13:38:44.593684+00:00 ub24 kernel: input: Sleep Button as /devices/LNXSYSTM:00/LNXSLPBN:00/input/input1
2026-01-22T13:38:44.593685+00:00 ub24 kernel: ACPI: button: Sleep Button [SLPF]
2026-01-22T13:38:44.593686+00:00 ub24 kernel: ACPI: battery: Slot [BAT0] (battery present)
2026-01-22T13:38:44.593687+00:00 ub24 kernel: Serial: 8250/16550 driver, 32 ports, IRQ sharing enabled
2026-01-22T13:38:44.593688+00:00 ub24 kernel: Linux agpgart interface v0.103
2026-01-22T13:38:44.593688+00:00 ub24 kernel: loop: module loaded
2026-01-22T13:38:44.593689+00:00 ub24 kernel: ata_piix 0000:00:01.1: version 2.13
2026-01-22T13:38:44.593690+00:00 ub24 kernel: scsi host0: ata_piix
2026-01-22T13:38:44.593691+00:00 ub24 kernel: scsi host1: ata_piix
2026-01-22T13:38:44.593692+00:00 ub24 kernel: ata1: PATA max UDMA/33 cmd 0x1f0 ctl 0x3f6 bmdma 0xd000 irq 14 lpm-pol 0
2026-01-22T13:38:44.593693+00:00 ub24 kernel: ata2: PATA max UDMA/33 cmd 0x170 ctl 0x376 bmdma 0xd008 irq 15 lpm-pol 0
2026-01-22T13:38:44.593694+00:00 ub24 kernel: ACPI: bus type drm_connector registered
2026-01-22T13:38:44.593695+00:00 ub24 kernel: tun: Universal TUN/TAP device driver, 1.6
2026-01-22T13:38:44.593696+00:00 ub24 kernel: PPP generic driver version 2.4.2
2026-01-22T13:38:44.593697+00:00 ub24 kernel: ohci-pci 0000:00:06.0: OHCI PCI host controller
2026-01-22T13:38:44.593698+00:00 ub24 kernel: ohci-pci 0000:00:06.0: new USB bus registered, assigned bus number 1
2026-01-22T13:38:44.593698+00:00 ub24 kernel: ohci-pci 0000:00:06.0: irq 22, io mem 0xf0804000
2026-01-22T13:38:44.593699+00:00 ub24 kernel: usb usb1: New USB device found, idVendor=1d6b, idProduct=0001, bcdDevice= 6.08
2026-01-22T13:38:44.593700+00:00 ub24 kernel: usb usb1: New USB device strings: Mfr=3, Product=2, SerialNumber=1
2026-01-22T13:38:44.593701+00:00 ub24 kernel: usb usb1: Product: OHCI PCI host controller
2026-01-22T13:38:44.593702+00:00 ub24 kernel: usb usb1: Manufacturer: Linux 6.8.0-90-generic ohci_hcd
2026-01-22T13:38:44.593703+00:00 ub24 kernel: usb usb1: SerialNumber: 0000:00:06.0
2026-01-22T13:38:44.593704+00:00 ub24 kernel: hub 1-0:1.0: USB hub found
2026-01-22T13:38:44.593705+00:00 ub24 kernel: hub 1-0:1.0: 12 ports detected
2026-01-22T13:38:44.593706+00:00 ub24 kernel: ehci-pci 0000:00:0b.0: EHCI Host Controller
2026-01-22T13:38:44.593776+00:00 ub24 kernel: ehci-pci 0000:00:0b.0: new USB bus registered, assigned bus number 2
2026-01-22T13:38:44.593777+00:00 ub24 kernel: i8042: PNP: PS/2 Controller [PNP0303:PS2K,PNP0f03:PS2M] at 0x60,0x64 irq 1,12
2026-01-22T13:38:44.593783+00:00 ub24 kernel: ehci-pci 0000:00:0b.0: irq 19, io mem 0xf0805000
2026-01-22T13:38:44.593784+00:00 ub24 kernel: serio: i8042 KBD port at 0x60,0x64 irq 1
2026-01-22T13:38:44.593786+00:00 ub24 kernel: serio: i8042 AUX port at 0x60,0x64 irq 12
2026-01-22T13:38:44.593787+00:00 ub24 kernel: mousedev: PS/2 mouse device common for all mice
2026-01-22T13:38:44.593788+00:00 ub24 kernel: input: AT Translated Set 2 keyboard as /devices/platform/i8042/serio0/input/input2
2026-01-22T13:38:44.593788+00:00 ub24 kernel: rtc_cmos rtc_cmos: registered as rtc0
2026-01-22T13:38:44.593789+00:00 ub24 kernel: rtc_cmos rtc_cmos: setting system clock to 2026-01-22T13:38:16 UTC (1769089096)
2026-01-22T13:38:44.593790+00:00 ub24 kernel: rtc_cmos rtc_cmos: alarms up to one day, 114 bytes nvram
2026-01-22T13:38:44.593791+00:00 ub24 kernel: i2c_dev: i2c /dev entries driver
2026-01-22T13:38:44.593792+00:00 ub24 kernel: device-mapper: core: CONFIG_IMA_DISABLE_HTABLE is disabled. Duplicate IMA measurements will not be recorded in the IMA log.
2026-01-22T13:38:44.593793+00:00 ub24 kernel: device-mapper: uevent: version 1.0.3
2026-01-22T13:38:44.593794+00:00 ub24 kernel: ehci-pci 0000:00:0b.0: USB 2.0 started, EHCI 1.00
2026-01-22T13:38:44.593795+00:00 ub24 kernel: usb usb2: New USB device found, idVendor=1d6b, idProduct=0002, bcdDevice= 6.08
2026-01-22T13:38:44.593796+00:00 ub24 kernel: usb usb2: New USB device strings: Mfr=3, Product=2, SerialNumber=1
2026-01-22T13:38:44.593797+00:00 ub24 kernel: usb usb2: Product: EHCI Host Controller
2026-01-22T13:38:44.593798+00:00 ub24 kernel: usb usb2: Manufacturer: Linux 6.8.0-90-generic ehci_hcd
2026-01-22T13:38:44.593798+00:00 ub24 kernel: usb usb2: SerialNumber: 0000:00:0b.0
2026-01-22T13:38:44.593800+00:00 ub24 kernel: device-mapper: ioctl: 4.48.0-ioctl (2023-03-01) initialised: dm-devel@redhat.com
2026-01-22T13:38:44.593801+00:00 ub24 kernel: intel_pstate: CPU model not supported
2026-01-22T13:38:44.593802+00:00 ub24 kernel: ledtrig-cpu: registered to indicate activity on CPUs
2026-01-22T13:38:44.593802+00:00 ub24 kernel: drop_monitor: Initializing network drop monitor service
2026-01-22T13:38:44.593803+00:00 ub24 kernel: NET: Registered PF_INET6 protocol family
2026-01-22T13:38:44.593804+00:00 ub24 kernel: hub 2-0:1.0: USB hub found
2026-01-22T13:38:44.593805+00:00 ub24 kernel: hub 2-0:1.0: 12 ports detected
2026-01-22T13:38:44.593806+00:00 ub24 kernel: Freeing initrd memory: 70716K
2026-01-22T13:38:44.593807+00:00 ub24 kernel: ata2.00: ATAPI: VBOX CD-ROM, 1.0, max UDMA/133
2026-01-22T13:38:44.593808+00:00 ub24 kernel: scsi 1:0:0:0: CD-ROM            VBOX     CD-ROM           1.0  PQ: 0 ANSI: 5
2026-01-22T13:38:44.593809+00:00 ub24 kernel: sr 1:0:0:0: [sr0] scsi3-mmc drive: 32x/32x xa/form2 tray
2026-01-22T13:38:44.593810+00:00 ub24 kernel: cdrom: Uniform CD-ROM driver Revision: 3.20
2026-01-22T13:38:44.593810+00:00 ub24 kernel: Segment Routing with IPv6
2026-01-22T13:38:44.593811+00:00 ub24 kernel: In-situ OAM (IOAM) with IPv6
2026-01-22T13:38:44.593812+00:00 ub24 kernel: NET: Registered PF_PACKET protocol family
2026-01-22T13:38:44.593813+00:00 ub24 kernel: Key type dns_resolver registered
2026-01-22T13:38:44.593814+00:00 ub24 kernel: IPI shorthand broadcast: enabled
2026-01-22T13:38:44.593815+00:00 ub24 kernel: sr 1:0:0:0: Attached scsi CD-ROM sr0
2026-01-22T13:38:44.593816+00:00 ub24 kernel: sr 1:0:0:0: Attached scsi generic sg0 type 5
2026-01-22T13:38:44.593817+00:00 ub24 kernel: sched_clock: Marking stable (593618000, 47578466)->(643802782, -2606316)
2026-01-22T13:38:44.593818+00:00 ub24 kernel: registered taskstats version 1
2026-01-22T13:38:44.593819+00:00 ub24 kernel: Loading compiled-in X.509 certificates
2026-01-22T13:38:44.593820+00:00 ub24 kernel: Loaded X.509 cert 'Build time autogenerated kernel key: 7a5738967e2123858340ae7fbb0491d696dbfb58'
2026-01-22T13:38:44.593820+00:00 ub24 kernel: Loaded X.509 cert 'Canonical Ltd. Live Patch Signing 2025 Kmod: d541cef61dc7e793b7eb7e899970a2eef0b5dc8c'
2026-01-22T13:38:44.593822+00:00 ub24 kernel: Loaded X.509 cert 'Canonical Ltd. Live Patch Signing: 14df34d1a87cf37625abec039ef2bf521249b969'
2026-01-22T13:38:44.593822+00:00 ub24 kernel: Loaded X.509 cert 'Canonical Ltd. Kernel Module Signing: 88f752e560a1e0737e31163a466ad7b70a850c19'
2026-01-22T13:38:44.593823+00:00 ub24 kernel: blacklist: Loading compiled-in revocation X.509 certificates
2026-01-22T13:38:44.593824+00:00 ub24 kernel: Loaded X.509 cert 'Canonical Ltd. Secure Boot Signing: 61482aa2830d0ab2ad5af10b7250da9033ddcef0'
2026-01-22T13:38:44.593825+00:00 ub24 kernel: Loaded X.509 cert 'Canonical Ltd. Secure Boot Signing (2017): 242ade75ac4a15e50d50c84b0d45ff3eae707a03'
2026-01-22T13:38:44.593826+00:00 ub24 kernel: Loaded X.509 cert 'Canonical Ltd. Secure Boot Signing (ESM 2018): 365188c1d374d6b07c3c8f240f8ef722433d6a8b'
2026-01-22T13:38:44.593827+00:00 ub24 kernel: Loaded X.509 cert 'Canonical Ltd. Secure Boot Signing (2019): c0746fd6c5da3ae827864651ad66ae47fe24b3e8'
2026-01-22T13:38:44.593828+00:00 ub24 kernel: Loaded X.509 cert 'Canonical Ltd. Secure Boot Signing (2021 v1): a8d54bbb3825cfb94fa13c9f8a594a195c107b8d'
2026-01-22T13:38:44.593829+00:00 ub24 kernel: Loaded X.509 cert 'Canonical Ltd. Secure Boot Signing (2021 v2): 4cf046892d6fd3c9a5b03f98d845f90851dc6a8c'
2026-01-22T13:38:44.593830+00:00 ub24 kernel: Loaded X.509 cert 'Canonical Ltd. Secure Boot Signing (2021 v3): 100437bb6de6e469b581e61cd66bce3ef4ed53af'
2026-01-22T13:38:44.593831+00:00 ub24 kernel: Loaded X.509 cert 'Canonical Ltd. Secure Boot Signing (Ubuntu Core 2019): c1d57b8f6b743f23ee41f4f7ee292f06eecadfb9'
2026-01-22T13:38:44.593832+00:00 ub24 kernel: Key type .fscrypt registered
2026-01-22T13:38:44.593833+00:00 ub24 kernel: Key type fscrypt-provisioning registered
2026-01-22T13:38:44.593834+00:00 ub24 kernel: cryptd: max_cpu_qlen set to 1000
2026-01-22T13:38:44.593835+00:00 ub24 kernel: AVX2 version of gcm_enc/dec engaged.
2026-01-22T13:38:44.593836+00:00 ub24 kernel: AES CTR mode by8 optimization enabled
2026-01-22T13:38:44.593836+00:00 ub24 kernel: Key type encrypted registered
2026-01-22T13:38:44.593837+00:00 ub24 kernel: AppArmor: AppArmor sha256 policy hashing enabled
2026-01-22T13:38:44.593838+00:00 ub24 kernel: ima: No TPM chip found, activating TPM-bypass!
2026-01-22T13:38:44.593839+00:00 ub24 kernel: Loading compiled-in module X.509 certificates
2026-01-22T13:38:44.593840+00:00 ub24 kernel: Loaded X.509 cert 'Build time autogenerated kernel key: 7a5738967e2123858340ae7fbb0491d696dbfb58'
2026-01-22T13:38:44.593841+00:00 ub24 kernel: ima: Allocated hash algorithm: sha256
2026-01-22T13:38:44.593842+00:00 ub24 kernel: ima: No architecture policies found
2026-01-22T13:38:44.593843+00:00 ub24 kernel: evm: Initialising EVM extended attributes:
2026-01-22T13:38:44.593844+00:00 ub24 kernel: evm: security.selinux
2026-01-22T13:38:44.593845+00:00 ub24 kernel: evm: security.SMACK64
2026-01-22T13:38:44.593845+00:00 ub24 kernel: evm: security.SMACK64EXEC
2026-01-22T13:38:44.593846+00:00 ub24 kernel: evm: security.SMACK64TRANSMUTE
2026-01-22T13:38:44.593847+00:00 ub24 kernel: evm: security.SMACK64MMAP
2026-01-22T13:38:44.593848+00:00 ub24 kernel: evm: security.apparmor
2026-01-22T13:38:44.593849+00:00 ub24 kernel: evm: security.ima
2026-01-22T13:38:44.593850+00:00 ub24 kernel: evm: security.capability
2026-01-22T13:38:44.593851+00:00 ub24 kernel: evm: HMAC attrs: 0x1
2026-01-22T13:38:44.593852+00:00 ub24 kernel: PM:   Magic number: 10:581:635
2026-01-22T13:38:44.593853+00:00 ub24 kernel: RAS: Correctable Errors collector initialized.
2026-01-22T13:38:44.593854+00:00 ub24 kernel: clk: Disabling unused clocks
2026-01-22T13:38:44.593854+00:00 ub24 kernel: Freeing unused decrypted memory: 2028K
2026-01-22T13:38:44.593855+00:00 ub24 kernel: Freeing unused kernel image (initmem) memory: 4912K
2026-01-22T13:38:44.593856+00:00 ub24 kernel: Write protecting the kernel read-only data: 38912k
2026-01-22T13:38:44.593857+00:00 ub24 kernel: Freeing unused kernel image (rodata/data gap) memory: 2000K
2026-01-22T13:38:44.593858+00:00 ub24 kernel: x86/mm: Checked W+X mappings: passed, no W+X pages found.
2026-01-22T13:38:44.593859+00:00 ub24 kernel: x86/mm: Checking user space page tables
2026-01-22T13:38:44.593860+00:00 ub24 kernel: x86/mm: Checked W+X mappings: passed, no W+X pages found.
2026-01-22T13:38:44.593861+00:00 ub24 kernel: usb 1-1: new full-speed USB device number 2 using ohci-pci
2026-01-22T13:38:44.593862+00:00 ub24 kernel: Run /init as init process
2026-01-22T13:38:44.593863+00:00 ub24 kernel:   with arguments:
2026-01-22T13:38:44.593864+00:00 ub24 kernel:     /init
2026-01-22T13:38:44.593864+00:00 ub24 kernel:   with environment:
2026-01-22T13:38:44.593865+00:00 ub24 kernel:     HOME=/
2026-01-22T13:38:44.593866+00:00 ub24 kernel:     TERM=linux
2026-01-22T13:38:44.593867+00:00 ub24 kernel:     BOOT_IMAGE=/vmlinuz-6.8.0-90-generic
2026-01-22T13:38:44.593868+00:00 ub24 kernel: ACPI: video: Video Device [GFX0] (multi-head: yes  rom: no  post: no)
2026-01-22T13:38:44.593869+00:00 ub24 kernel: input: Video Bus as /devices/LNXSYSTM:00/LNXSYBUS:00/PNP0A03:00/LNXVIDEO:00/input/input4
2026-01-22T13:38:44.593870+00:00 ub24 kernel: e1000: Intel(R) PRO/1000 Network Driver
2026-01-22T13:38:44.593871+00:00 ub24 kernel: e1000: Copyright (c) 1999-2006 Intel Corporation.
2026-01-22T13:38:44.593872+00:00 ub24 kernel: ahci 0000:00:0d.0: version 3.0
2026-01-22T13:38:44.593872+00:00 ub24 kernel: ahci 0000:00:0d.0: SSS flag set, parallel bus scan disabled
2026-01-22T13:38:44.593873+00:00 ub24 kernel: ahci 0000:00:0d.0: AHCI 0001.0100 32 slots 1 ports 3 Gbps 0x1 impl SATA mode
2026-01-22T13:38:44.593874+00:00 ub24 kernel: ahci 0000:00:0d.0: flags: 64bit ncq stag only ccc 
2026-01-22T13:38:44.593875+00:00 ub24 kernel: scsi host2: ahci
2026-01-22T13:38:44.593876+00:00 ub24 kernel: ata3: SATA max UDMA/133 abar m8192@0xf0806000 port 0xf0806100 irq 21 lpm-pol 0
2026-01-22T13:38:44.593877+00:00 ub24 kernel: usb 1-1: New USB device found, idVendor=80ee, idProduct=0021, bcdDevice= 1.00
2026-01-22T13:38:44.593878+00:00 ub24 kernel: usb 1-1: New USB device strings: Mfr=1, Product=3, SerialNumber=0
2026-01-22T13:38:44.593879+00:00 ub24 kernel: usb 1-1: Product: USB Tablet
2026-01-22T13:38:44.593880+00:00 ub24 kernel: usb 1-1: Manufacturer: VirtualBox
2026-01-22T13:38:44.593880+00:00 ub24 kernel: hid: raw HID events driver (C) Jiri Kosina
2026-01-22T13:38:44.593881+00:00 ub24 kernel: input: ImExPS/2 Generic Explorer Mouse as /devices/platform/i8042/serio1/input/input5
2026-01-22T13:38:44.593882+00:00 ub24 kernel: ata3: SATA link up 3.0 Gbps (SStatus 123 SControl 300)
2026-01-22T13:38:44.593883+00:00 ub24 kernel: ata3.00: ATA-6: VBOX HARDDISK, 1.0, max UDMA/133
2026-01-22T13:38:44.593884+00:00 ub24 kernel: ata3.00: 99476992 sectors, multi 128: LBA48 NCQ (depth 32)
2026-01-22T13:38:44.593885+00:00 ub24 kernel: ata3.00: configured for UDMA/133
2026-01-22T13:38:44.593886+00:00 ub24 kernel: scsi 2:0:0:0: Direct-Access     ATA      VBOX HARDDISK    1.0  PQ: 0 ANSI: 5
2026-01-22T13:38:44.593936+00:00 ub24 kernel: sd 2:0:0:0: [sda] 99476992 512-byte logical blocks: (50.9 GB/47.4 GiB)
2026-01-22T13:38:44.593938+00:00 ub24 kernel: sd 2:0:0:0: [sda] Write Protect is off
2026-01-22T13:38:44.593939+00:00 ub24 kernel: sd 2:0:0:0: [sda] Mode Sense: 00 3a 00 00
2026-01-22T13:38:44.593939+00:00 ub24 kernel: sd 2:0:0:0: [sda] Write cache: enabled, read cache: enabled, doesn't support DPO or FUA
2026-01-22T13:38:44.593940+00:00 ub24 kernel: sd 2:0:0:0: [sda] Preferred minimum I/O size 512 bytes
2026-01-22T13:38:44.593941+00:00 ub24 kernel: sd 2:0:0:0: Attached scsi generic sg1 type 0
2026-01-22T13:38:44.593942+00:00 ub24 kernel: e1000 0000:00:03.0 eth0: (PCI:33MHz:32-bit) 08:00:27:41:d7:4a
2026-01-22T13:38:44.593943+00:00 ub24 kernel: e1000 0000:00:03.0 eth0: Intel(R) PRO/1000 Network Connection
2026-01-22T13:38:44.593944+00:00 ub24 kernel:  sda: sda1 sda2 sda3
2026-01-22T13:38:44.593945+00:00 ub24 kernel: sd 2:0:0:0: [sda] Attached SCSI disk
2026-01-22T13:38:44.593946+00:00 ub24 kernel: e1000 0000:00:03.0 enp0s3: renamed from eth0
2026-01-22T13:38:44.593947+00:00 ub24 kernel: usbcore: registered new interface driver usbhid
2026-01-22T13:38:44.593948+00:00 ub24 kernel: usbhid: USB HID core driver
2026-01-22T13:38:44.593949+00:00 ub24 kernel: input: VirtualBox USB Tablet as /devices/pci0000:00/0000:00:06.0/usb1/1-1/1-1:1.0/0003:80EE:0021.0001/input/input6
2026-01-22T13:38:44.593950+00:00 ub24 kernel: hid-generic 0003:80EE:0021.0001: input,hidraw0: USB HID v1.10 Mouse [VirtualBox USB Tablet] on usb-0000:00:06.0-1/input0
2026-01-22T13:38:44.593951+00:00 ub24 kernel: raid6: avx2x4   gen() 29359 MB/s
2026-01-22T13:38:44.593951+00:00 ub24 kernel: raid6: avx2x2   gen() 29942 MB/s
2026-01-22T13:38:44.593952+00:00 ub24 kernel: raid6: avx2x1   gen() 24319 MB/s
2026-01-22T13:38:44.593953+00:00 ub24 kernel: raid6: using algorithm avx2x2 gen() 29942 MB/s
2026-01-22T13:38:44.593954+00:00 ub24 kernel: raid6: .... xor() 19999 MB/s, rmw enabled
2026-01-22T13:38:44.593955+00:00 ub24 kernel: raid6: using avx2x2 recovery algorithm
2026-01-22T13:38:44.593956+00:00 ub24 kernel: xor: automatically using best checksumming function   avx       
2026-01-22T13:38:44.593957+00:00 ub24 kernel: async_tx: api initialized (async)
2026-01-22T13:38:44.593958+00:00 ub24 kernel: Btrfs loaded, zoned=yes, fsverity=yes
2026-01-22T13:38:44.593959+00:00 ub24 kernel: EXT4-fs (dm-0): mounted filesystem 23e09338-d33e-4167-8764-1fc629ef71fc ro with ordered data mode. Quota mode: none.
2026-01-22T13:38:44.593960+00:00 ub24 kernel: systemd[1]: Inserted module 'autofs4'
2026-01-22T13:38:44.593961+00:00 ub24 kernel: systemd[1]: systemd 255.4-1ubuntu8.10 running in system mode (+PAM +AUDIT +SELINUX +APPARMOR +IMA +SMACK +SECCOMP +GCRYPT -GNUTLS +OPENSSL +ACL +BLKID +CURL +ELFUTILS +FIDO2 +IDN2 -IDN +IPTC +KMOD +LIBCRYPTSETUP +LIBFDISK +PCRE2 -PWQUALITY +P11KIT +QRENCODE +TPM2 +BZIP2 +LZ4 +XZ +ZLIB +ZSTD -BPF_FRAMEWORK -XKBCOMMON +UTMP +SYSVINIT default-hierarchy=unified)
2026-01-22T13:38:44.593962+00:00 ub24 kernel: systemd[1]: Detected virtualization oracle.
2026-01-22T13:38:44.593963+00:00 ub24 kernel: systemd[1]: Detected architecture x86-64.
2026-01-22T13:38:44.593964+00:00 ub24 kernel: systemd[1]: Invalid DMI field header.
2026-01-22T13:38:44.593965+00:00 ub24 kernel: systemd[1]: Hostname set to <ub24>.
2026-01-22T13:38:44.593965+00:00 ub24 kernel: systemd[1]: Queued start job for default target graphical.target.
2026-01-22T13:38:44.593966+00:00 ub24 kernel: systemd[1]: Created slice system-modprobe.slice - Slice /system/modprobe.
2026-01-22T13:38:44.593967+00:00 ub24 kernel: systemd[1]: Created slice system-systemd\x2dfsck.slice - Slice /system/systemd-fsck.
2026-01-22T13:38:44.593968+00:00 ub24 kernel: systemd[1]: Created slice user.slice - User and Session Slice.
2026-01-22T13:38:44.593969+00:00 ub24 kernel: systemd[1]: Started systemd-ask-password-wall.path - Forward Password Requests to Wall Directory Watch.
2026-01-22T13:38:44.593970+00:00 ub24 kernel: systemd[1]: Set up automount proc-sys-fs-binfmt_misc.automount - Arbitrary Executable File Formats File System Automount Point.
2026-01-22T13:38:44.593971+00:00 ub24 kernel: systemd[1]: Expecting device dev-disk-by\x2duuid-0981dbde\x2d58ad\x2d4dd6\x2db9a5\x2d48c1c2dd3ea3.device - /dev/disk/by-uuid/0981dbde-58ad-4dd6-b9a5-48c1c2dd3ea3...
2026-01-22T13:38:44.593972+00:00 ub24 kernel: systemd[1]: Reached target integritysetup.target - Local Integrity Protected Volumes.
2026-01-22T13:38:44.593973+00:00 ub24 kernel: systemd[1]: Reached target slices.target - Slice Units.
2026-01-22T13:38:44.593974+00:00 ub24 kernel: systemd[1]: Reached target snapd.mounts-pre.target - Mounting snaps.
2026-01-22T13:38:44.593975+00:00 ub24 kernel: systemd[1]: Reached target snapd.mounts.target - Mounted snaps.
2026-01-22T13:38:44.593976+00:00 ub24 kernel: systemd[1]: Reached target veritysetup.target - Local Verity Protected Volumes.
2026-01-22T13:38:44.593977+00:00 ub24 kernel: systemd[1]: Listening on dm-event.socket - Device-mapper event daemon FIFOs.
2026-01-22T13:38:44.593978+00:00 ub24 kernel: systemd[1]: Listening on lvm2-lvmpolld.socket - LVM2 poll daemon socket.
2026-01-22T13:38:44.593978+00:00 ub24 kernel: systemd[1]: Listening on multipathd.socket - multipathd control socket.
2026-01-22T13:38:44.593979+00:00 ub24 kernel: systemd[1]: Listening on syslog.socket - Syslog Socket.
2026-01-22T13:38:44.593980+00:00 ub24 kernel: systemd[1]: Listening on systemd-fsckd.socket - fsck to fsckd communication Socket.
2026-01-22T13:38:44.593981+00:00 ub24 kernel: systemd[1]: Listening on systemd-initctl.socket - initctl Compatibility Named Pipe.
2026-01-22T13:38:44.593982+00:00 ub24 kernel: systemd[1]: Listening on systemd-journald-dev-log.socket - Journal Socket (/dev/log).
2026-01-22T13:38:44.593983+00:00 ub24 kernel: systemd[1]: Listening on systemd-journald.socket - Journal Socket.
2026-01-22T13:38:44.593984+00:00 ub24 kernel: systemd[1]: Listening on systemd-networkd.socket - Network Service Netlink Socket.
2026-01-22T13:38:44.593985+00:00 ub24 kernel: systemd[1]: systemd-pcrextend.socket - TPM2 PCR Extension (Varlink) was skipped because of an unmet condition check (ConditionSecurity=measured-uki).
2026-01-22T13:38:44.593986+00:00 ub24 kernel: systemd[1]: Listening on systemd-udevd-control.socket - udev Control Socket.
2026-01-22T13:38:44.593987+00:00 ub24 kernel: systemd[1]: Listening on systemd-udevd-kernel.socket - udev Kernel Socket.
2026-01-22T13:38:44.593988+00:00 ub24 kernel: systemd[1]: Mounting dev-hugepages.mount - Huge Pages File System...
2026-01-22T13:38:44.593989+00:00 ub24 kernel: systemd[1]: Mounting dev-mqueue.mount - POSIX Message Queue File System...
2026-01-22T13:38:44.593989+00:00 ub24 kernel: systemd[1]: Mounting sys-kernel-debug.mount - Kernel Debug File System...
2026-01-22T13:38:44.593990+00:00 ub24 kernel: systemd[1]: Mounting sys-kernel-tracing.mount - Kernel Trace File System...
2026-01-22T13:38:44.593991+00:00 ub24 kernel: systemd[1]: Starting systemd-journald.service - Journal Service...
2026-01-22T13:38:44.593992+00:00 ub24 kernel: systemd[1]: Starting keyboard-setup.service - Set the console keyboard layout...
2026-01-22T13:38:44.593993+00:00 ub24 kernel: systemd[1]: Starting kmod-static-nodes.service - Create List of Static Device Nodes...
2026-01-22T13:38:44.593994+00:00 ub24 kernel: systemd[1]: Starting lvm2-monitor.service - Monitoring of LVM2 mirrors, snapshots etc. using dmeventd or progress polling...
2026-01-22T13:38:44.593995+00:00 ub24 kernel: systemd[1]: Starting modprobe@configfs.service - Load Kernel Module configfs...
2026-01-22T13:38:44.593996+00:00 ub24 kernel: systemd[1]: Starting modprobe@dm_mod.service - Load Kernel Module dm_mod...
2026-01-22T13:38:44.593997+00:00 ub24 kernel: systemd[1]: Starting modprobe@drm.service - Load Kernel Module drm...
2026-01-22T13:38:44.593998+00:00 ub24 kernel: systemd[1]: Starting modprobe@efi_pstore.service - Load Kernel Module efi_pstore...
2026-01-22T13:38:44.593998+00:00 ub24 kernel: systemd[1]: Starting modprobe@fuse.service - Load Kernel Module fuse...
2026-01-22T13:38:44.593999+00:00 ub24 kernel: systemd-journald[297]: Collecting audit messages is disabled.
2026-01-22T13:38:44.594000+00:00 ub24 kernel: systemd[1]: Starting modprobe@loop.service - Load Kernel Module loop...
2026-01-22T13:38:44.594001+00:00 ub24 kernel: systemd[1]: netplan-ovs-cleanup.service - OpenVSwitch configuration for cleanup was skipped because of an unmet condition check (ConditionFileIsExecutable=/usr/bin/ovs-vsctl).
2026-01-22T13:38:44.594003+00:00 ub24 kernel: systemd[1]: systemd-fsck-root.service - File System Check on Root Device was skipped because of an unmet condition check (ConditionPathExists=!/run/initramfs/fsck-root).
2026-01-22T13:38:44.594004+00:00 ub24 kernel: systemd[1]: Starting systemd-modules-load.service - Load Kernel Modules...
2026-01-22T13:38:44.594005+00:00 ub24 kernel: systemd[1]: systemd-pcrmachine.service - TPM2 PCR Machine ID Measurement was skipped because of an unmet condition check (ConditionSecurity=measured-uki).
2026-01-22T13:38:44.594006+00:00 ub24 kernel: systemd[1]: Starting systemd-remount-fs.service - Remount Root and Kernel File Systems...
2026-01-22T13:38:44.594007+00:00 ub24 kernel: systemd[1]: systemd-tpm2-setup-early.service - TPM2 SRK Setup (Early) was skipped because of an unmet condition check (ConditionSecurity=measured-uki).
2026-01-22T13:38:44.594015+00:00 ub24 kernel: systemd[1]: Starting systemd-udev-trigger.service - Coldplug All udev Devices...
2026-01-22T13:38:44.594017+00:00 ub24 kernel: systemd[1]: Started systemd-journald.service - Journal Service.
2026-01-22T13:38:44.594018+00:00 ub24 kernel: EXT4-fs (dm-0): re-mounted 23e09338-d33e-4167-8764-1fc629ef71fc r/w. Quota mode: none.
2026-01-22T13:38:44.594019+00:00 ub24 kernel: systemd-journald[297]: Received client request to flush runtime journal.
2026-01-22T13:38:44.594020+00:00 ub24 kernel: Adding 2097148k swap on /swap.img.  Priority:-2 extents:14 across:4775936k 
2026-01-22T13:38:44.594021+00:00 ub24 kernel: vboxguest: host-version: 7.0.14r161095 0x8000000f
2026-01-22T13:38:44.594022+00:00 ub24 kernel: vbg_heartbeat_init: Setting up heartbeat to trigger every 2000 milliseconds
2026-01-22T13:38:44.594026+00:00 ub24 kernel: input: VirtualBox mouse integration as /devices/pci0000:00/0000:00:04.0/input/input7
2026-01-22T13:38:44.594054+00:00 ub24 kernel: piix4_smbus 0000:00:07.0: SMBus Host Controller at 0x4100, revision 0
2026-01-22T13:38:44.594055+00:00 ub24 kernel: RAPL PMU: API unit is 2^-32 Joules, 0 fixed counters, 10737418240 ms ovfl timer
2026-01-22T13:38:44.594056+00:00 ub24 kernel: vmwgfx 0000:00:02.0: vgaarb: deactivate vga console
2026-01-22T13:38:44.594057+00:00 ub24 kernel: Console: switching to colour dummy device 80x25
2026-01-22T13:38:44.594058+00:00 ub24 kernel: vmwgfx 0000:00:02.0: [drm] FIFO at 0x00000000f0000000 size is 2048 kiB
2026-01-22T13:38:44.594063+00:00 ub24 kernel: vmwgfx 0000:00:02.0: [drm] VRAM at 0x00000000e0000000 size is 16384 kiB
2026-01-22T13:38:44.594064+00:00 ub24 kernel: vmwgfx 0000:00:02.0: [drm] Running on SVGA version 2.
2026-01-22T13:38:44.594065+00:00 ub24 kernel: vmwgfx 0000:00:02.0: [drm] Capabilities: rect copy, cursor, cursor bypass, cursor bypass 2, alpha cursor, extended fifo, pitchlock, irq mask, gmr, traces, gmr2, screen object 2, command buffers, 
2026-01-22T13:38:44.594066+00:00 ub24 kernel: vmwgfx 0000:00:02.0: [drm] *ERROR* vmwgfx seems to be running on an unsupported hypervisor.
2026-01-22T13:38:44.594067+00:00 ub24 kernel: vmwgfx 0000:00:02.0: [drm] *ERROR* This configuration is likely broken.
2026-01-22T13:38:44.594068+00:00 ub24 kernel: vmwgfx 0000:00:02.0: [drm] *ERROR* Please switch to a supported graphics device to avoid problems.
2026-01-22T13:38:44.594072+00:00 ub24 kernel: vmwgfx 0000:00:02.0: [drm] DMA map mode: Caching DMA mappings.
2026-01-22T13:38:44.594073+00:00 ub24 kernel: vmwgfx 0000:00:02.0: [drm] Legacy memory limits: VRAM = 16384 kB, FIFO = 2048 kB, surface = 507904 kB
2026-01-22T13:38:44.594074+00:00 ub24 kernel: vmwgfx 0000:00:02.0: [drm] MOB limits: max mob size = 0 kB, max mob pages = 0
2026-01-22T13:38:44.594075+00:00 ub24 kernel: vmwgfx 0000:00:02.0: [drm] Max GMR ids is 8192
2026-01-22T13:38:44.594076+00:00 ub24 kernel: vmwgfx 0000:00:02.0: [drm] Max number of GMR pages is 1048576
2026-01-22T13:38:44.594077+00:00 ub24 kernel: vmwgfx 0000:00:02.0: [drm] Maximum display memory size is 16384 kiB
2026-01-22T13:38:44.594078+00:00 ub24 kernel: vmwgfx 0000:00:02.0: [drm] Screen Object display unit initialized
2026-01-22T13:38:44.594082+00:00 ub24 kernel: vmwgfx 0000:00:02.0: [drm] Fifo max 0x00200000 min 0x00001000 cap 0x00000355
2026-01-22T13:38:44.594084+00:00 ub24 kernel: vmwgfx 0000:00:02.0: [drm] Using command buffers with DMA pool.
2026-01-22T13:38:44.594085+00:00 ub24 kernel: vmwgfx 0000:00:02.0: [drm] Available shader model: Legacy.
2026-01-22T13:38:44.594085+00:00 ub24 kernel: [drm] Initialized vmwgfx 2.20.0 20211206 for 0000:00:02.0 on minor 0
2026-01-22T13:38:44.594086+00:00 ub24 kernel: fbcon: vmwgfxdrmfb (fb0) is primary device
2026-01-22T13:38:44.594087+00:00 ub24 kernel: Console: switching to colour frame buffer device 160x50
2026-01-22T13:38:44.594092+00:00 ub24 kernel: vmwgfx 0000:00:02.0: [drm] fb0: vmwgfxdrmfb frame buffer device
2026-01-22T13:38:44.594093+00:00 ub24 kernel: snd_intel8x0 0000:00:05.0: allow list rate for 1028:0177 is 48000
2026-01-22T13:38:44.594094+00:00 ub24 kernel: EXT4-fs (sda2): mounted filesystem 0981dbde-58ad-4dd6-b9a5-48c1c2dd3ea3 r/w with ordered data mode. Quota mode: none.
2026-01-22T13:38:44.594095+00:00 ub24 kernel: audit: type=1400 audit(1769089108.710:2): apparmor="STATUS" operation="profile_load" profile="unconfined" name="1password" pid=559 comm="apparmor_parser"
2026-01-22T13:38:44.594096+00:00 ub24 kernel: audit: type=1400 audit(1769089108.727:3): apparmor="STATUS" operation="profile_load" profile="unconfined" name="Discord" pid=563 comm="apparmor_parser"
2026-01-22T13:38:44.594097+00:00 ub24 kernel: audit: type=1400 audit(1769089108.736:4): apparmor="STATUS" operation="profile_load" profile="unconfined" name=4D6F6E676F444220436F6D70617373 pid=564 comm="apparmor_parser"
2026-01-22T13:38:44.594104+00:00 ub24 kernel: audit: type=1400 audit(1769089108.744:5): apparmor="STATUS" operation="profile_load" profile="unconfined" name="QtWebEngineProcess" pid=565 comm="apparmor_parser"
2026-01-22T13:38:44.594105+00:00 ub24 kernel: audit: type=1400 audit(1769089108.765:6): apparmor="STATUS" operation="profile_load" profile="unconfined" name="balena-etcher" pid=566 comm="apparmor_parser"
2026-01-22T13:38:44.594106+00:00 ub24 kernel: audit: type=1400 audit(1769089108.784:7): apparmor="STATUS" operation="profile_load" profile="unconfined" name="brave" pid=568 comm="apparmor_parser"
2026-01-22T13:38:44.594107+00:00 ub24 kernel: audit: type=1400 audit(1769089108.793:8): apparmor="STATUS" operation="profile_load" profile="unconfined" name="buildah" pid=570 comm="apparmor_parser"
2026-01-22T13:38:44.594108+00:00 ub24 kernel: audit: type=1400 audit(1769089108.812:9): apparmor="STATUS" operation="profile_load" profile="unconfined" name="busybox" pid=571 comm="apparmor_parser"
2026-01-22T13:38:44.594113+00:00 ub24 kernel: audit: type=1400 audit(1769089108.828:10): apparmor="STATUS" operation="profile_load" profile="unconfined" name="cam" pid=573 comm="apparmor_parser"
2026-01-22T13:38:44.594114+00:00 ub24 kernel: audit: type=1400 audit(1769089108.837:11): apparmor="STATUS" operation="profile_load" profile="unconfined" name="ch-checkns" pid=574 comm="apparmor_parser"
2026-01-22T13:38:44.594115+00:00 ub24 kernel: cfg80211: Loading compiled-in X.509 certificates for regulatory database
2026-01-22T13:38:44.594116+00:00 ub24 kernel: Loaded X.509 cert 'sforshee: 00b28ddf47aef9cea7'
2026-01-22T13:38:44.594117+00:00 ub24 kernel: Loaded X.509 cert 'wens: 61c038651aabdcf94bd0ac7ff06c7248db18c600'
2026-01-22T13:38:44.594118+00:00 ub24 kernel: e1000: enp0s3 NIC Link is Up 1000 Mbps Full Duplex, Flow Control: RX
2026-01-22T13:38:44.594123+00:00 ub24 kernel: kauditd_printk_skb: 109 callbacks suppressed
2026-01-22T13:38:44.594124+00:00 ub24 kernel: audit: type=1400 audit(1769089123.724:121): apparmor="STATUS" operation="profile_replace" info="same as current profile, skipping" profile="unconfined" name="rsyslogd" pid=873 comm="apparmor_parser"
2026-01-22T13:38:44.592107+00:00 ub24 systemd[1]: Reloading requested from client PID 761 ('systemctl') (unit cloud-init.service)...
2026-01-22T13:38:44.594870+00:00 ub24 systemd[1]: Reloading...
2026-01-22T13:38:44.594879+00:00 ub24 systemd[1]: Reloading finished in 510 ms.
2026-01-22T13:38:44.594885+00:00 ub24 systemd[1]: netplan-ovs-cleanup.service - OpenVSwitch configuration for cleanup was skipped because of an unmet condition check (ConditionFileIsExecutable=/usr/bin/ovs-vsctl).
2026-01-22T13:38:44.594891+00:00 ub24 systemd[1]: systemd-networkd-wait-online.service: Deactivated successfully.
2026-01-22T13:38:44.594895+00:00 ub24 systemd[1]: Stopped systemd-networkd-wait-online.service - Wait for Network to be Configured.
2026-01-22T13:38:44.594900+00:00 ub24 systemd[1]: Stopping systemd-networkd-wait-online.service - Wait for Network to be Configured...
2026-01-22T13:38:44.594904+00:00 ub24 systemd[1]: Stopping systemd-networkd.service - Network Configuration...
2026-01-22T13:38:44.594909+00:00 ub24 systemd-timesyncd[567]: Network configuration changed, trying to establish connection.
2026-01-22T13:38:44.594913+00:00 ub24 systemd[1]: systemd-networkd.service: Deactivated successfully.
2026-01-22T13:38:44.594918+00:00 ub24 systemd[1]: Stopped systemd-networkd.service - Network Configuration.
2026-01-22T13:38:44.594922+00:00 ub24 systemd[1]: Starting systemd-networkd.service - Network Configuration...
2026-01-22T13:38:44.594926+00:00 ub24 systemd-networkd[816]: lo: Link UP
2026-01-22T13:38:44.594931+00:00 ub24 systemd-networkd[816]: lo: Gained carrier
2026-01-22T13:38:44.594945+00:00 ub24 systemd-networkd[816]: enp0s3: Link UP
2026-01-22T13:38:44.594949+00:00 ub24 systemd-networkd[816]: enp0s3: Gained carrier
2026-01-22T13:38:44.594953+00:00 ub24 systemd-networkd[816]: enp0s3: Gained IPv6LL
2026-01-22T13:38:44.594958+00:00 ub24 systemd-timesyncd[567]: Network configuration changed, trying to establish connection.
2026-01-22T13:38:44.594962+00:00 ub24 systemd-networkd[816]: Enumeration completed
2026-01-22T13:38:44.594966+00:00 ub24 systemd[1]: Started systemd-networkd.service - Network Configuration.
2026-01-22T13:38:44.594975+00:00 ub24 systemd-timesyncd[567]: Network configuration changed, trying to establish connection.
2026-01-22T13:38:44.594980+00:00 ub24 systemd-timesyncd[567]: Network configuration changed, trying to establish connection.
2026-01-22T13:38:44.594989+00:00 ub24 systemd-networkd[816]: enp0s3: Configuring with /run/systemd/network/10-netplan-enp0s3.network.
2026-01-22T13:38:44.594994+00:00 ub24 systemd-timesyncd[567]: Network configuration changed, trying to establish connection.
2026-01-22T13:38:44.595000+00:00 ub24 systemd[1]: Starting systemd-networkd-wait-online.service - Wait for Network to be Configured...
2026-01-22T13:38:44.595010+00:00 ub24 systemd-networkd[816]: enp0s3: DHCPv4 address 10.0.2.15/24, gateway 10.0.2.2 acquired from 10.0.2.2
2026-01-22T13:38:44.595014+00:00 ub24 systemd-timesyncd[567]: Network configuration changed, trying to establish connection.
2026-01-22T13:38:44.595024+00:00 ub24 systemd-timesyncd[567]: message repeated 2 times: [ Network configuration changed, trying to establish connection.]
2026-01-22T13:38:44.595035+00:00 ub24 systemd[1]: netplan-ovs-cleanup.service - OpenVSwitch configuration for cleanup was skipped because of an unmet condition check (ConditionFileIsExecutable=/usr/bin/ovs-vsctl).
2026-01-22T13:38:44.595043+00:00 ub24 systemd[1]: Finished systemd-networkd-wait-online.service - Wait for Network to be Configured.
2026-01-22T13:38:44.595154+00:00 ub24 cloud-init[749]: Generating public/private rsa key pair.
2026-01-22T13:38:44.595158+00:00 ub24 cloud-init[749]: Your identification has been saved in /etc/ssh/ssh_host_rsa_key
2026-01-22T13:38:44.595162+00:00 ub24 cloud-init[749]: Your public key has been saved in /etc/ssh/ssh_host_rsa_key.pub
2026-01-22T13:38:44.595166+00:00 ub24 cloud-init[749]: The key fingerprint is:
2026-01-22T13:38:44.595175+00:00 ub24 cloud-init[749]: SHA256:qF9scq1sro/LPnVGepXEopYBh3xkGhUKypLJCDXLPho root@ub24
2026-01-22T13:38:44.595178+00:00 ub24 cloud-init[749]: The key's randomart image is:
2026-01-22T13:38:44.595182+00:00 ub24 cloud-init[749]: +---[RSA 3072]----+
2026-01-22T13:38:44.595186+00:00 ub24 cloud-init[749]: |..o ..o=*. .     |
2026-01-22T13:38:44.595189+00:00 ub24 cloud-init[749]: |+= + .o*o . o    |
2026-01-22T13:38:44.595193+00:00 ub24 cloud-init[749]: |=.=   o. + o .   |
2026-01-22T13:38:44.595201+00:00 ub24 cloud-init[749]: | o     .+ . o    |
2026-01-22T13:38:44.595205+00:00 ub24 cloud-init[749]: |E o   ..So .     |
2026-01-22T13:38:44.595208+00:00 ub24 cloud-init[749]: | o . . .o.+      |
2026-01-22T13:38:44.595212+00:00 ub24 cloud-init[749]: |.   . ..=+.      |
2026-01-22T13:38:44.595215+00:00 ub24 cloud-init[749]: |     o.B..       |
2026-01-22T13:38:44.595219+00:00 ub24 cloud-init[749]: |     .BB=        |
2026-01-22T13:38:44.595226+00:00 ub24 cloud-init[749]: +----[SHA256]-----+
2026-01-22T13:38:44.595230+00:00 ub24 cloud-init[749]: Generating public/private ecdsa key pair.
2026-01-22T13:38:44.595235+00:00 ub24 cloud-init[749]: Your identification has been saved in /etc/ssh/ssh_host_ecdsa_key
2026-01-22T13:38:44.595239+00:00 ub24 cloud-init[749]: Your public key has been saved in /etc/ssh/ssh_host_ecdsa_key.pub
2026-01-22T13:38:44.595242+00:00 ub24 cloud-init[749]: The key fingerprint is:
2026-01-22T13:38:44.595246+00:00 ub24 cloud-init[749]: SHA256:8Y3628wrqfjn8g2llsyYVbfajizpzG7BXV3JpxpSPng root@ub24
2026-01-22T13:38:44.595254+00:00 ub24 cloud-init[749]: The key's randomart image is:
2026-01-22T13:38:44.595258+00:00 ub24 cloud-init[749]: +---[ECDSA 256]---+
2026-01-22T13:38:44.595262+00:00 ub24 cloud-init[749]: |              . .|
2026-01-22T13:38:44.595266+00:00 ub24 cloud-init[749]: |            .  oo|
2026-01-22T13:38:44.595270+00:00 ub24 cloud-init[749]: |        .  +. .oo|
2026-01-22T13:38:44.595274+00:00 ub24 cloud-init[749]: |         oo+E.o..|
2026-01-22T13:38:44.595277+00:00 ub24 cloud-init[749]: |        S.++o=.  |
2026-01-22T13:38:44.595285+00:00 ub24 cloud-init[749]: |         Bo+oo   |
2026-01-22T13:38:44.595289+00:00 ub24 cloud-init[749]: |        + B+. .  |
2026-01-22T13:38:44.595293+00:00 ub24 cloud-init[749]: |       ..=BB o   |
2026-01-22T13:38:44.595296+00:00 ub24 cloud-init[749]: |      ..oXX+O..  |
2026-01-22T13:38:44.595300+00:00 ub24 cloud-init[749]: +----[SHA256]-----+
2026-01-22T13:38:44.595304+00:00 ub24 cloud-init[749]: Generating public/private ed25519 key pair.
2026-01-22T13:38:44.595312+00:00 ub24 cloud-init[749]: Your identification has been saved in /etc/ssh/ssh_host_ed25519_key
2026-01-22T13:38:44.595316+00:00 ub24 cloud-init[749]: Your public key has been saved in /etc/ssh/ssh_host_ed25519_key.pub
2026-01-22T13:38:44.595320+00:00 ub24 cloud-init[749]: The key fingerprint is:
2026-01-22T13:38:44.595323+00:00 ub24 cloud-init[749]: SHA256:MddHIGfog5mRhIrOJ1KUtUsL/evzc5WDgtClAm44m6Y root@ub24
2026-01-22T13:38:44.595327+00:00 ub24 cloud-init[749]: The key's randomart image is:
2026-01-22T13:38:44.595331+00:00 ub24 cloud-init[749]: +--[ED25519 256]--+
2026-01-22T13:38:44.595338+00:00 ub24 cloud-init[749]: |   o.  o....+..  |
2026-01-22T13:38:44.595342+00:00 ub24 cloud-init[749]: |  +. .. + .= .   |
2026-01-22T13:38:44.595346+00:00 ub24 cloud-init[749]: | +.o+o oo*. . .  |
2026-01-22T13:38:44.595350+00:00 ub24 cloud-init[749]: |o =o++o ++o  .   |
2026-01-22T13:38:44.595353+00:00 ub24 cloud-init[749]: | O  oo..S  o .   |
2026-01-22T13:38:44.595357+00:00 ub24 cloud-init[749]: |+.+ . ... . +    |
2026-01-22T13:38:44.595360+00:00 ub24 cloud-init[749]: |o. o  .  . . .   |
2026-01-22T13:38:44.595370+00:00 ub24 cloud-init[749]: |E    .. . .      |
2026-01-22T13:38:44.595374+00:00 ub24 cloud-init[749]: |      .o.o       |
2026-01-22T13:38:44.595378+00:00 ub24 cloud-init[749]: +----[SHA256]-----+
2026-01-22T13:38:44.595382+00:00 ub24 systemd[1]: Finished cloud-init.service - Cloud-init: Network Stage.
2026-01-22T13:38:44.595386+00:00 ub24 systemd[1]: Reached target cloud-config.target - Cloud-config availability.
2026-01-22T13:38:44.595389+00:00 ub24 systemd[1]: Reached target network-online.target - Network is Online.
2026-01-22T13:38:44.595399+00:00 ub24 systemd[1]: Reached target sysinit.target - System Initialization.
2026-01-22T13:38:44.595404+00:00 ub24 systemd[1]: apport-autoreport.path - Process error reports when automatic reporting is enabled (file watch) was skipped because of an unmet condition check (ConditionPathExists=/var/lib/apport/autoreport).
2026-01-22T13:38:44.595410+00:00 ub24 systemd[1]: tpm-udev.path - Handle dynamically added tpm devices was skipped because of an unmet condition check (ConditionVirtualization=container).
2026-01-22T13:38:44.595414+00:00 ub24 systemd[1]: apport-autoreport.timer - Process error reports when automatic reporting is enabled (timer based) was skipped because of an unmet condition check (ConditionPathExists=/var/lib/apport/autoreport).
2026-01-22T13:38:44.595419+00:00 ub24 systemd[1]: Started apt-daily.timer - Daily apt download activities.
2026-01-22T13:38:44.595425+00:00 ub24 systemd[1]: Started apt-daily-upgrade.timer - Daily apt upgrade and clean activities.
2026-01-22T13:38:44.595433+00:00 ub24 systemd[1]: Started dpkg-db-backup.timer - Daily dpkg database backup timer.
2026-01-22T13:38:44.595437+00:00 ub24 systemd[1]: Started e2scrub_all.timer - Periodic ext4 Online Metadata Check for All Filesystems.
2026-01-22T13:38:44.595440+00:00 ub24 systemd[1]: Started fstrim.timer - Discard unused filesystem blocks once a week.
2026-01-22T13:38:44.595444+00:00 ub24 systemd[1]: Started fwupd-refresh.timer - Refresh fwupd metadata regularly.
2026-01-22T13:38:44.595448+00:00 ub24 systemd[1]: Started logrotate.timer - Daily rotation of log files.
2026-01-22T13:38:44.595451+00:00 ub24 systemd[1]: Started man-db.timer - Daily man-db regeneration.
2026-01-22T13:38:44.595459+00:00 ub24 systemd[1]: Started motd-news.timer - Message of the Day.
2026-01-22T13:38:44.595463+00:00 ub24 systemd[1]: snapd.snap-repair.timer - Timer to automatically fetch and run repair assertions was skipped because no trigger condition checks were met.
2026-01-22T13:38:44.595467+00:00 ub24 systemd[1]: Started sysstat-collect.timer - Run system activity accounting tool every 10 minutes.
2026-01-22T13:38:44.595471+00:00 ub24 systemd[1]: Started sysstat-summary.timer - Generate summary of yesterday's process accounting.
2026-01-22T13:38:44.595474+00:00 ub24 systemd[1]: Started systemd-tmpfiles-clean.timer - Daily Cleanup of Temporary Directories.
2026-01-22T13:38:44.595482+00:00 ub24 systemd[1]: ua-timer.timer - Ubuntu Pro Timer for running repeated jobs was skipped because of an unmet condition check (ConditionPathExists=/var/lib/ubuntu-advantage/private/machine-token.json).
2026-01-22T13:38:44.595486+00:00 ub24 systemd[1]: Started update-notifier-download.timer - Download data for packages that failed at package install time.
2026-01-22T13:38:44.595490+00:00 ub24 systemd[1]: Started update-notifier-motd.timer - Check to see whether there is a new version of Ubuntu available.
2026-01-22T13:38:44.595494+00:00 ub24 systemd[1]: Reached target paths.target - Path Units.
2026-01-22T13:38:44.595497+00:00 ub24 systemd[1]: Reached target timers.target - Timer Units.
2026-01-22T13:38:44.595501+00:00 ub24 systemd[1]: apport-forward.socket - Unix socket for apport crash forwarding was skipped because of an unmet condition check (ConditionVirtualization=container).
2026-01-22T13:38:44.595509+00:00 ub24 systemd[1]: Listening on cloud-init-hotplugd.socket - cloud-init hotplug hook socket.
2026-01-22T13:38:44.595513+00:00 ub24 systemd[1]: Listening on dbus.socket - D-Bus System Message Bus Socket.
2026-01-22T13:38:44.595517+00:00 ub24 systemd[1]: Listening on iscsid.socket - Open-iSCSI iscsid Socket.
2026-01-22T13:38:44.595520+00:00 ub24 systemd[1]: Starting lxd-installer.socket - Helper to install lxd snap on demand...
2026-01-22T13:38:44.595524+00:00 ub24 systemd[1]: Starting snapd.socket - Socket activation for snappy daemon...
2026-01-22T13:38:44.595533+00:00 ub24 systemd[1]: Listening on ssh.socket - OpenBSD Secure Shell server socket.
2026-01-22T13:38:44.595537+00:00 ub24 systemd[1]: Listening on uuidd.socket - UUID daemon activation socket.
2026-01-22T13:38:44.595540+00:00 ub24 systemd[1]: open-iscsi.service - Login to default iSCSI targets was skipped because no trigger condition checks were met.
2026-01-22T13:38:44.595546+00:00 ub24 systemd[1]: Reached target remote-fs-pre.target - Preparation for Remote File Systems.
2026-01-22T13:38:44.595550+00:00 ub24 systemd[1]: Reached target remote-fs.target - Remote File Systems.
2026-01-22T13:38:44.595553+00:00 ub24 systemd[1]: Finished blk-availability.service - Availability of block devices.
2026-01-22T13:38:44.595561+00:00 ub24 systemd[1]: systemd-pcrphase-sysinit.service - TPM2 PCR Barrier (Initialization) was skipped because of an unmet condition check (ConditionSecurity=measured-uki).
2026-01-22T13:38:44.595565+00:00 ub24 systemd[1]: Listening on lxd-installer.socket - Helper to install lxd snap on demand.
2026-01-22T13:38:44.595569+00:00 ub24 systemd[1]: Listening on snapd.socket - Socket activation for snappy daemon.
2026-01-22T13:38:44.595572+00:00 ub24 systemd[1]: Reached target sockets.target - Socket Units.
2026-01-22T13:38:44.595576+00:00 ub24 systemd[1]: Reached target basic.target - Basic System.
2026-01-22T13:38:44.595580+00:00 ub24 systemd[1]: Starting apport.service - automatic crash report generation...
2026-01-22T13:38:44.595587+00:00 ub24 systemd[1]: Starting cloud-config.service - Cloud-init: Config Stage...
2026-01-22T13:38:44.595591+00:00 ub24 systemd[1]: Started cron.service - Regular background program processing daemon.
2026-01-22T13:38:44.595595+00:00 ub24 (cron)[848]: cron.service: Referenced but unset environment variable evaluates to an empty string: EXTRA_OPTS
2026-01-22T13:38:44.595599+00:00 ub24 systemd[1]: Starting dbus.service - D-Bus System Message Bus...
2026-01-22T13:38:44.595602+00:00 ub24 systemd[1]: Started dmesg.service - Save initial kernel messages after boot.
2026-01-22T13:38:44.595606+00:00 ub24 cron[848]: (CRON) INFO (pidfile fd = 3)
2026-01-22T13:38:44.595614+00:00 ub24 cron[848]: (CRON) INFO (Running @reboot jobs)
2026-01-22T13:38:44.595618+00:00 ub24 systemd[1]: Starting e2scrub_reap.service - Remove Stale Online ext4 Metadata Check Snapshots...
2026-01-22T13:38:44.595622+00:00 ub24 systemd[1]: getty-static.service - getty on tty2-tty6 if dbus and logind are not available was skipped because of an unmet condition check (ConditionPathExists=!/usr/bin/dbus-daemon).
2026-01-22T13:38:44.595626+00:00 ub24 systemd[1]: Starting grub-common.service - Record successful boot for GRUB...
2026-01-22T13:38:44.595630+00:00 ub24 systemd[1]: networkd-dispatcher.service - Dispatcher daemon for systemd-networkd was skipped because no trigger condition checks were met.
2026-01-22T13:38:44.595634+00:00 ub24 systemd[1]: Starting polkit.service - Authorization Manager...
2026-01-22T13:38:44.595641+00:00 ub24 dbus-daemon[849]: dbus[849]: Unknown group "power" in message bus configuration file
2026-01-22T13:38:44.595645+00:00 ub24 systemd[1]: Starting pollinate.service - Pollinate to seed the pseudo random number generator...
2026-01-22T13:38:44.595649+00:00 ub24 systemd[1]: Starting rsyslog.service - System Logging Service...
2026-01-22T13:38:44.595653+00:00 ub24 systemd[1]: secureboot-db.service - Secure Boot updates for DB and DBX was skipped because of an unmet condition check (ConditionPathExists=/sys/firmware/efi/efivars/db-d719b2cb-3d3a-4596-a3bc-dad00e67656f).
2026-01-22T13:38:44.595657+00:00 ub24 systemd[1]: snapd.core-fixup.service - Automatically repair incorrect owner/permissions on core devices was skipped because no trigger condition checks were met.
2026-01-22T13:38:44.595665+00:00 ub24 systemd[1]: snapd.recovery-chooser-trigger.service - Wait for the Ubuntu Core chooser trigger was skipped because of an unmet condition check (ConditionKernelCommandLine=snapd_recovery_mode).
2026-01-22T13:38:44.595669+00:00 ub24 systemd[1]: Reached target getty-pre.target - Preparation for Logins.
2026-01-22T13:38:44.595673+00:00 ub24 systemd[1]: Starting snapd.seeded.service - Wait until snapd is fully seeded...
2026-01-22T13:38:44.595677+00:00 ub24 dbus-daemon[849]: [system] AppArmor D-Bus mediation is enabled
2026-01-22T13:38:44.595681+00:00 ub24 systemd[1]: Starting snapd.service - Snap Daemon...
2026-01-22T13:38:44.595685+00:00 ub24 systemd[1]: Starting sysstat.service - Resets System Activity Logs...
2026-01-22T13:38:44.595693+00:00 ub24 systemd[1]: Starting systemd-logind.service - User Login Management...
